stm32l0xx_hal_msp.c:64:6:HAL_MspInit	0	static
stm32l0xx_hal_msp.c:86:6:HAL_ADC_MspInit	32	static
stm32l0xx_hal_msp.c:121:6:HAL_ADC_MspDeInit	8	static
stm32l0xx_hal_msp.c:151:6:HAL_I2C_MspInit	32	static
stm32l0xx_hal_msp.c:187:6:HAL_I2C_MspDeInit	8	static
stm32l0xx_hal_msp.c:216:6:HAL_RTC_MspInit	8	static
stm32l0xx_hal_msp.c:241:6:HAL_RTC_MspDeInit	8	static
stm32l0xx_hal_msp.c:266:6:HAL_SPI_MspInit	32	static
stm32l0xx_hal_msp.c:303:6:HAL_SPI_MspDeInit	8	static
stm32l0xx_hal_msp.c:333:6:HAL_TIM_Base_MspInit	0	static
stm32l0xx_hal_msp.c:355:6:HAL_TIM_Base_MspDeInit	0	static
stm32l0xx_hal_msp.c:377:6:HAL_UART_MspInit	32	static
stm32l0xx_hal_msp.c:413:6:HAL_UART_MspDeInit	8	static
