Archive member included to satisfy reference by file (symbol)

c:/program files (x86)/atollic/truestudio for stm32 9.3.0/armtools/bin/../lib/gcc/arm-atollic-eabi/6.3.1/../../../../arm-atollic-eabi/lib/armv6-m\libc_nano.a(lib_a-errno.o)
                              Src\syscalls.o (__errno)
c:/program files (x86)/atollic/truestudio for stm32 9.3.0/armtools/bin/../lib/gcc/arm-atollic-eabi/6.3.1/../../../../arm-atollic-eabi/lib/armv6-m\libc_nano.a(lib_a-impure.o)
                              c:/program files (x86)/atollic/truestudio for stm32 9.3.0/armtools/bin/../lib/gcc/arm-atollic-eabi/6.3.1/../../../../arm-atollic-eabi/lib/armv6-m\libc_nano.a(lib_a-errno.o) (_impure_ptr)
c:/program files (x86)/atollic/truestudio for stm32 9.3.0/armtools/bin/../lib/gcc/arm-atollic-eabi/6.3.1/../../../../arm-atollic-eabi/lib/armv6-m\libc_nano.a(lib_a-init.o)
                              startup\startup_stm32l073xx.o (__libc_init_array)
c:/program files (x86)/atollic/truestudio for stm32 9.3.0/armtools/bin/../lib/gcc/arm-atollic-eabi/6.3.1/../../../../arm-atollic-eabi/lib/armv6-m\libc_nano.a(lib_a-lcltime.o)
                              myDrivers\Src\rtc.o (localtime)
c:/program files (x86)/atollic/truestudio for stm32 9.3.0/armtools/bin/../lib/gcc/arm-atollic-eabi/6.3.1/../../../../arm-atollic-eabi/lib/armv6-m\libc_nano.a(lib_a-lcltime_r.o)
                              c:/program files (x86)/atollic/truestudio for stm32 9.3.0/armtools/bin/../lib/gcc/arm-atollic-eabi/6.3.1/../../../../arm-atollic-eabi/lib/armv6-m\libc_nano.a(lib_a-lcltime.o) (localtime_r)
c:/program files (x86)/atollic/truestudio for stm32 9.3.0/armtools/bin/../lib/gcc/arm-atollic-eabi/6.3.1/../../../../arm-atollic-eabi/lib/armv6-m\libc_nano.a(lib_a-malloc.o)
                              c:/program files (x86)/atollic/truestudio for stm32 9.3.0/armtools/bin/../lib/gcc/arm-atollic-eabi/6.3.1/../../../../arm-atollic-eabi/lib/armv6-m\libc_nano.a(lib_a-lcltime.o) (malloc)
c:/program files (x86)/atollic/truestudio for stm32 9.3.0/armtools/bin/../lib/gcc/arm-atollic-eabi/6.3.1/../../../../arm-atollic-eabi/lib/armv6-m\libc_nano.a(lib_a-memcpy-stub.o)
                              Src\main.o (memcpy)
c:/program files (x86)/atollic/truestudio for stm32 9.3.0/armtools/bin/../lib/gcc/arm-atollic-eabi/6.3.1/../../../../arm-atollic-eabi/lib/armv6-m\libc_nano.a(lib_a-memset.o)
                              Drivers\STM32L0xx_HAL_Driver\Src\stm32l0xx_hal_rcc.o (memset)
c:/program files (x86)/atollic/truestudio for stm32 9.3.0/armtools/bin/../lib/gcc/arm-atollic-eabi/6.3.1/../../../../arm-atollic-eabi/lib/armv6-m\libc_nano.a(lib_a-mktime.o)
                              myDrivers\Src\rtc.o (mktime)
c:/program files (x86)/atollic/truestudio for stm32 9.3.0/armtools/bin/../lib/gcc/arm-atollic-eabi/6.3.1/../../../../arm-atollic-eabi/lib/armv6-m\libc_nano.a(lib_a-month_lengths.o)
                              c:/program files (x86)/atollic/truestudio for stm32 9.3.0/armtools/bin/../lib/gcc/arm-atollic-eabi/6.3.1/../../../../arm-atollic-eabi/lib/armv6-m\libc_nano.a(lib_a-lcltime_r.o) (__month_lengths)
c:/program files (x86)/atollic/truestudio for stm32 9.3.0/armtools/bin/../lib/gcc/arm-atollic-eabi/6.3.1/../../../../arm-atollic-eabi/lib/armv6-m\libc_nano.a(lib_a-nano-freer.o)
                              c:/program files (x86)/atollic/truestudio for stm32 9.3.0/armtools/bin/../lib/gcc/arm-atollic-eabi/6.3.1/../../../../arm-atollic-eabi/lib/armv6-m\libc_nano.a(lib_a-malloc.o) (_free_r)
c:/program files (x86)/atollic/truestudio for stm32 9.3.0/armtools/bin/../lib/gcc/arm-atollic-eabi/6.3.1/../../../../arm-atollic-eabi/lib/armv6-m\libc_nano.a(lib_a-nano-mallocr.o)
                              c:/program files (x86)/atollic/truestudio for stm32 9.3.0/armtools/bin/../lib/gcc/arm-atollic-eabi/6.3.1/../../../../arm-atollic-eabi/lib/armv6-m\libc_nano.a(lib_a-malloc.o) (_malloc_r)
c:/program files (x86)/atollic/truestudio for stm32 9.3.0/armtools/bin/../lib/gcc/arm-atollic-eabi/6.3.1/../../../../arm-atollic-eabi/lib/armv6-m\libc_nano.a(lib_a-sbrkr.o)
                              c:/program files (x86)/atollic/truestudio for stm32 9.3.0/armtools/bin/../lib/gcc/arm-atollic-eabi/6.3.1/../../../../arm-atollic-eabi/lib/armv6-m\libc_nano.a(lib_a-nano-mallocr.o) (_sbrk_r)
c:/program files (x86)/atollic/truestudio for stm32 9.3.0/armtools/bin/../lib/gcc/arm-atollic-eabi/6.3.1/../../../../arm-atollic-eabi/lib/armv6-m\libc_nano.a(lib_a-sprintf.o)
                              Src\main.o (sprintf)
c:/program files (x86)/atollic/truestudio for stm32 9.3.0/armtools/bin/../lib/gcc/arm-atollic-eabi/6.3.1/../../../../arm-atollic-eabi/lib/armv6-m\libc_nano.a(lib_a-strlen.o)
                              myDrivers\Src\glassLCD.o (strlen)
c:/program files (x86)/atollic/truestudio for stm32 9.3.0/armtools/bin/../lib/gcc/arm-atollic-eabi/6.3.1/../../../../arm-atollic-eabi/lib/armv6-m\libc_nano.a(lib_a-tzcalc_limits.o)
[...]
Memory Configuration

Name             Origin             Length             Attributes
RAM              0x20000000         0x00005000         xrw
FLASH            0x08000000         0x00030000         xr
*default*        0x00000000         0xffffffff

Linker script and memory map

LOAD c:/program files (x86)/atollic/truestudio for stm32 9.3.0/armtools/bin/../lib/gcc/arm-atollic-eabi/6.3.1/armv6-m/crti.o
LOAD c:/program files (x86)/atollic/truestudio for stm32 9.3.0/armtools/bin/../lib/gcc/arm-atollic-eabi/6.3.1/armv6-m/crtbegin.o
LOAD Drivers\STM32L0xx_HAL_Driver\Src\stm32l0xx_hal.o
LOAD Drivers\STM32L0xx_HAL_Driver\Src\stm32l0xx_hal_adc.o
LOAD Drivers\STM32L0xx_HAL_Driver\Src\stm32l0xx_hal_adc_ex.o
LOAD Drivers\STM32L0xx_HAL_Driver\Src\stm32l0xx_hal_cortex.o
LOAD Drivers\STM32L0xx_HAL_Driver\Src\stm32l0xx_hal_dma.o
LOAD Drivers\STM32L0xx_HAL_Driver\Src\stm32l0xx_hal_flash.o
LOAD Drivers\STM32L0xx_HAL_Driver\Src\stm32l0xx_hal_flash_ex.o
LOAD Drivers\STM32L0xx_HAL_Driver\Src\stm32l0xx_hal_flash_ramfunc.o
LOAD Drivers\STM32L0xx_HAL_Driver\Src\stm32l0xx_hal_gpio.o
LOAD Drivers\STM32L0xx_HAL_Driver\Src\stm32l0xx_hal_i2c.o
LOAD Drivers\STM32L0xx_HAL_Driver\Src\stm32l0xx_hal_i2c_ex.o
LOAD Drivers\STM32L0xx_HAL_Driver\Src\stm32l0xx_hal_pwr.o
LOAD Drivers\STM32L0xx_HAL_Driver\Src\stm32l0xx_hal_pwr_ex.o
LOAD Drivers\STM32L0xx_HAL_Driver\Src\stm32l0xx_hal_rcc.o
LOAD Drivers\STM32L0xx_HAL_Driver\Src\stm32l0xx_hal_rcc_ex.o
LOAD Drivers\STM32L0xx_HAL_Driver\Src\stm32l0xx_hal_rtc.o
LOAD Drivers\STM32L0xx_HAL_Driver\Src\stm32l0xx_hal_rtc_ex.o
LOAD Drivers\STM32L0xx_HAL_Driver\Src\stm32l0xx_hal_spi.o
LOAD Drivers\STM32L0xx_HAL_Driver\Src\stm32l0xx_hal_tim.o
LOAD Drivers\STM32L0xx_HAL_Driver\Src\stm32l0xx_hal_tim_ex.o
LOAD Drivers\STM32L0xx_HAL_Driver\Src\stm32l0xx_hal_uart.o
LOAD Drivers\STM32L0xx_HAL_Driver\Src\stm32l0xx_hal_uart_ex.o
LOAD Src\main.o
LOAD Src\stm32l0xx_hal_msp.o
LOAD Src\stm32l0xx_it.o
LOAD Src\syscalls.o
LOAD Src\system_stm32l0xx.o
LOAD myDrivers\Src\BMP180.o
LOAD myDrivers\Src\RF24.o
LOAD myDrivers\Src\SHT21.o
LOAD myDrivers\Src\Si1147.o
LOAD myDrivers\Src\communication.o
LOAD myDrivers\Src\glassLCD.o
LOAD myDrivers\Src\rtc.o
LOAD myDrivers\Src\sleep.o
LOAD startup\startup_stm32l073xx.o
                0x00000080                malloc_getpagesize_P = 0x80
START GROUP
LOAD c:/program files (x86)/atollic/truestudio for stm32 9.3.0/armtools/bin/../lib/gcc/arm-atollic-eabi/6.3.1/../../../../arm-atollic-eabi/lib/armv6-m\libc_nano.a
LOAD c:/program files (x86)/atollic/truestudio for stm32 9.3.0/armtools/bin/../lib/gcc/arm-atollic-eabi/6.3.1/../../../../arm-atollic-eabi/lib/armv6-m\libm.a
END GROUP
START GROUP
LOAD c:/program files (x86)/atollic/truestudio for stm32 9.3.0/armtools/bin/../lib/gcc/arm-atollic-eabi/6.3.1/armv6-m\libgcc.a
LOAD c:/program files (x86)/atollic/truestudio for stm32 9.3.0/armtools/bin/../lib/gcc/arm-atollic-eabi/6.3.1/../../../../arm-atollic-eabi/lib/armv6-m\libc_nano.a
END GROUP
START GROUP
LOAD c:/program files (x86)/atollic/truestudio for stm32 9.3.0/armtools/bin/../lib/gcc/arm-atollic-eabi/6.3.1/armv6-m\libgcc.a
LOAD c:/program files (x86)/atollic/truestudio for stm32 9.3.0/armtools/bin/../lib/gcc/arm-atollic-eabi/6.3.1/../../../../arm-atollic-eabi/lib/armv6-m\libc_nano.a
LOAD c:/program files (x86)/atollic/truestudio for stm32 9.3.0/armtools/bin/../lib/gcc/arm-atollic-eabi/6.3.1/../../../../arm-atollic-eabi/lib/armv6-m\libnosys.a
END GROUP
START GROUP
LOAD c:/program files (x86)/atollic/truestudio for stm32 9.3.0/armtools/bin/../lib/gcc/arm-atollic-eabi/6.3.1/armv6-m\libgcc.a
LOAD c:/program files (x86)/atollic/truestudio for stm32 9.3.0/armtools/bin/../lib/gcc/arm-atollic-eabi/6.3.1/../../../../arm-atollic-eabi/lib/armv6-m\libc_nano.a
LOAD c:/program files (x86)/atollic/truestudio for stm32 9.3.0/armtools/bin/../lib/gcc/arm-atollic-eabi/6.3.1/../../../../arm-atollic-eabi/lib/armv6-m\libnosys.a
END GROUP
LOAD c:/program files (x86)/atollic/truestudio for stm32 9.3.0/armtools/bin/../lib/gcc/arm-atollic-eabi/6.3.1/armv6-m/crtend.o
LOAD c:/program files (x86)/atollic/truestudio for stm32 9.3.0/armtools/bin/../lib/gcc/arm-atollic-eabi/6.3.1/armv6-m/crtn.o
                0x20005000                _estack = 0x20005000
                0x00000200                _Min_Heap_Size = 0x200
                0x00000400                _Min_Stack_Size = 0x400

.isr_vector     0x08000000       0xc0
                0x08000000                . = ALIGN (0x4)
 *(.isr_vector)
 .isr_vector    0x08000000       0xc0 startup\startup_stm32l073xx.o
                0x08000000                g_pfnVectors
                0x080000c0                . = ALIGN (0x4)

.text           0x080000c0     0xa234
                0x080000c0                . = ALIGN (0x4)
 *(.text)
 .text          0x080000c0       0x48 c:/program files (x86)/atollic/truestudio for stm32 9.3.0/armtools/bin/../lib/gcc/arm-atollic-eabi/6.3.1/armv6-m/crtbegin.o
 .text          0x08000108        0xe c:/program files (x86)/atollic/truestudio for stm32 9.3.0/armtools/bin/../lib/gcc/arm-atollic-eabi/6.3.1/../../../../arm-atollic-eabi/lib/armv6-m\libc_nano.a(lib_a-strlen.o)
                0x08000108                strlen
 .text          0x08000116       0x14 c:/program files (x86)/atollic/truestudio for stm32 9.3.0/armtools/bin/../lib/gcc/arm-atollic-eabi/6.3.1/../../../../arm-atollic-eabi/lib/armv6-m\libc_nano.a(lib_a-strcmp.o)
                0x08000116                strcmp
 *fill*         0x0800012a        0x2 
 .text          0x0800012c       0x14 c:/program files (x86)/atollic/truestudio for stm32 9.3.0/armtools/bin/../lib/gcc/arm-atollic-eabi/6.3.1/armv6-m\libgcc.a(_thumb1_case_uqi.o)
                0x0800012c                __gnu_thumb1_case_uqi
 .text          0x08000140       0x14 c:/program files (x86)/atollic/truestudio for stm32 9.3.0/armtools/bin/../lib/gcc/arm-atollic-eabi/6.3.1/armv6-m\libgcc.a(_thumb1_case_shi.o)
                0x08000140                __gnu_thumb1_case_shi
 .text          0x08000154      0x114 c:/program files (x86)/atollic/truestudio for stm32 9.3.0/armtools/bin/../lib/gcc/arm-atollic-eabi/6.3.1/armv6-m\libgcc.a(_udivsi3.o)
                0x08000154                __aeabi_uidiv
                0x08000154                __udivsi3
                0x08000260                __aeabi_uidivmod
 .text          0x08000268      0x1d4 c:/program files (x86)/atollic/truestudio for stm32 9.3.0/armtools/bin/../lib/gcc/arm-atollic-eabi/6.3.1/armv6-m\libgcc.a(_divsi3.o)
                0x08000268                __divsi3
                0x08000268                __aeabi_idiv
                0x08000434                __aeabi_idivmod
 .text          0x0800043c        0x4 c:/program files (x86)/atollic/truestudio for stm32 9.3.0/armtools/bin/../lib/gcc/arm-atollic-eabi/6.3.1/armv6-m\libgcc.a(_dvmd_tls.o)
                0x0800043c                __aeabi_idiv0
                0x0800043c                __aeabi_ldiv0
 .text          0x08000440       0x7c c:/program files (x86)/atollic/truestudio for stm32 9.3.0/armtools/bin/../lib/gcc/arm-atollic-eabi/6.3.1/armv6-m\libgcc.a(_arm_cmpdf2.o)
                0x08000440                __aeabi_cdrcmple
                0x08000450                __aeabi_cdcmple
                0x08000450                __aeabi_cdcmpeq
                0x08000460                __aeabi_dcmpeq
                0x0800046c                __aeabi_dcmplt
                0x08000480                __aeabi_dcmple
                0x08000494                __aeabi_dcmpgt
                0x080004a8                __aeabi_dcmpge
 .text          0x080004bc       0x74 c:/program files (x86)/atollic/truestudio for stm32 9.3.0/armtools/bin/../lib/gcc/arm-atollic-eabi/6.3.1/armv6-m\libgcc.a(_arm_cmpsf2.o)
                0x080004bc                __aeabi_cfrcmple
                0x080004c4                __aeabi_cfcmpeq
                0x080004c4                __aeabi_cfcmple
                0x080004d4                __aeabi_fcmpeq
                0x080004e0                __aeabi_fcmplt
                0x080004f4                __aeabi_fcmple
                0x08000508                __aeabi_fcmpgt
                0x0800051c                __aeabi_fcmpge
 .text          0x08000530       0x40 c:/program files (x86)/atollic/truestudio for stm32 9.3.0/armtools/bin/../lib/gcc/arm-atollic-eabi/6.3.1/armv6-m\libgcc.a(_aeabi_uldivmod.o)
                0x08000530                __aeabi_uldivmod
 .text          0x08000570       0x30 c:/program files (x86)/atollic/truestudio for stm32 9.3.0/armtools/bin/../lib/gcc/arm-atollic-eabi/6.3.1/armv6-m\libgcc.a(_fixunssfsi.o)
                0x08000570                __fixunssfsi
                0x08000570                __aeabi_f2uiz
 .text          0x080005a0       0x3c c:/program files (x86)/atollic/truestudio for stm32 9.3.0/armtools/bin/../lib/gcc/arm-atollic-eabi/6.3.1/armv6-m\libgcc.a(_fixunsdfsi.o)
                0x080005a0                __aeabi_d2uiz
                0x080005a0                __fixunsdfsi
 .text          0x080005dc      0x180 c:/program files (x86)/atollic/truestudio for stm32 9.3.0/armtools/bin/../lib/gcc/arm-atollic-eabi/6.3.1/armv6-m\libgcc.a(_udivmoddi4.o)
                0x080005dc                __udivmoddi4
 .text          0x0800075c      0x324 c:/program files (x86)/atollic/truestudio for stm32 9.3.0/armtools/bin/../lib/gcc/arm-atollic-eabi/6.3.1/armv6-m\libgcc.a(addsf3.o)
                0x0800075c                __aeabi_fadd
 .text          0x08000a80       0x4c c:/program files (x86)/atollic/truestudio for stm32 9.3.0/armtools/bin/../lib/gcc/arm-atollic-eabi/6.3.1/armv6-m\libgcc.a(eqsf2.o)
                0x08000a80                __eqsf2
                0x08000a80                __nesf2
 .text          0x08000acc       0x80 c:/program files (x86)/atollic/truestudio for stm32 9.3.0/armtools/bin/../lib/gcc/arm-atollic-eabi/6.3.1/armv6-m\libgcc.a(gesf2.o)
                0x08000acc                __gesf2
                0x08000acc                __gtsf2
 .text          0x08000b4c       0x84 c:/program files (x86)/atollic/truestudio for stm32 9.3.0/armtools/bin/../lib/gcc/arm-atollic-eabi/6.3.1/armv6-m\libgcc.a(lesf2.o)
                0x08000b4c                __ltsf2
                0x08000b4c                __lesf2
 .text          0x08000bd0      0x240 c:/program files (x86)/atollic/truestudio for stm32 9.3.0/armtools/bin/../lib/gcc/arm-atollic-eabi/6.3.1/armv6-m\libgcc.a(mulsf3.o)
                0x08000bd0                __aeabi_fmul
 .text          0x08000e10      0x338 c:/program files (x86)/atollic/truestudio for stm32 9.3.0/armtools/bin/../lib/gcc/arm-atollic-eabi/6.3.1/armv6-m\libgcc.a(subsf3.o)
                0x08000e10                __aeabi_fsub
 .text          0x08001148       0x40 c:/program files (x86)/atollic/truestudio for stm32 9.3.0/armtools/bin/../lib/gcc/arm-atollic-eabi/6.3.1/armv6-m\libgcc.a(fixsfsi.o)
                0x08001148                __aeabi_f2iz
 .text          0x08001188       0x8c c:/program files (x86)/atollic/truestudio for stm32 9.3.0/armtools/bin/../lib/gcc/arm-atollic-eabi/6.3.1/armv6-m\libgcc.a(floatunsisf.o)
                0x08001188                __aeabi_ui2f
 .text          0x08001214      0x620 c:/program files (x86)/atollic/truestudio for stm32 9.3.0/armtools/bin/../lib/gcc/arm-atollic-eabi/6.3.1/armv6-m\libgcc.a(adddf3.o)
                0x08001214                __aeabi_dadd
 .text          0x08001834      0x668 c:/program files (x86)/atollic/truestudio for stm32 9.3.0/armtools/bin/../lib/gcc/arm-atollic-eabi/6.3.1/armv6-m\libgcc.a(divdf3.o)
                0x08001834                __aeabi_ddiv
 .text          0x08001e9c       0x74 c:/program files (x86)/atollic/truestudio for stm32 9.3.0/armtools/bin/../lib/gcc/arm-atollic-eabi/6.3.1/armv6-m\libgcc.a(eqdf2.o)
                0x08001e9c                __nedf2
                0x08001e9c                __eqdf2
 .text          0x08001f10       0xc8 c:/program files (x86)/atollic/truestudio for stm32 9.3.0/armtools/bin/../lib/gcc/arm-atollic-eabi/6.3.1/armv6-m\libgcc.a(gedf2.o)
                0x08001f10                __gedf2
                0x08001f10                __gtdf2
 .text          0x08001fd8       0xc4 c:/program files (x86)/atollic/truestudio for stm32 9.3.0/armtools/bin/../lib/gcc/arm-atollic-eabi/6.3.1/armv6-m\libgcc.a(ledf2.o)
                0x08001fd8                __ledf2
                0x08001fd8                __ltdf2
 .text          0x0800209c      0x500 c:/program files (x86)/atollic/truestudio for stm32 9.3.0/armtools/bin/../lib/gcc/arm-atollic-eabi/6.3.1/armv6-m\libgcc.a(muldf3.o)
                0x0800209c                __aeabi_dmul
 .text          0x0800259c      0x62c c:/program files (x86)/atollic/truestudio for stm32 9.3.0/armtools/bin/../lib/gcc/arm-atollic-eabi/6.3.1/armv6-m\libgcc.a(subdf3.o)
                0x0800259c                __aeabi_dsub
 .text          0x08002bc8       0x68 c:/program files (x86)/atollic/truestudio for stm32 9.3.0/armtools/bin/../lib/gcc/arm-atollic-eabi/6.3.1/armv6-m\libgcc.a(fixdfsi.o)
                0x08002bc8                __aeabi_d2iz
 .text          0x08002c30       0x84 c:/program files (x86)/atollic/truestudio for stm32 9.3.0/armtools/bin/../lib/gcc/arm-atollic-eabi/6.3.1/armv6-m\libgcc.a(floatsidf.o)
                0x08002c30                __aeabi_i2d
 .text          0x08002cb4       0x70 c:/program files (x86)/atollic/truestudio for stm32 9.3.0/armtools/bin/../lib/gcc/arm-atollic-eabi/6.3.1/armv6-m\libgcc.a(floatunsidf.o)
                0x08002cb4                __aeabi_ui2d
 .text          0x08002d24       0xa4 c:/program files (x86)/atollic/truestudio for stm32 9.3.0/armtools/bin/../lib/gcc/arm-atollic-eabi/6.3.1/armv6-m\libgcc.a(extendsfdf2.o)
                0x08002d24                __aeabi_f2d
 .text          0x08002dc8      0x114 c:/program files (x86)/atollic/truestudio for stm32 9.3.0/armtools/bin/../lib/gcc/arm-atollic-eabi/6.3.1/armv6-m\libgcc.a(truncdfsf2.o)
                0x08002dc8                __aeabi_d2f
 .text          0x08002edc       0x3c c:/program files (x86)/atollic/truestudio for stm32 9.3.0/armtools/bin/../lib/gcc/arm-atollic-eabi/6.3.1/armv6-m\libgcc.a(_clzsi2.o)
                0x08002edc                __clzsi2
 .text          0x08002f18       0x18 c:/program files (x86)/atollic/truestudio for stm32 9.3.0/armtools/bin/../lib/gcc/arm-atollic-eabi/6.3.1/armv6-m\libgcc.a(_clzdi2.o)
                0x08002f18                __clzdi2
 *(.text*)
 .text.HAL_InitTick
                0x08002f30       0x48 Drivers\STM32L0xx_HAL_Driver\Src\stm32l0xx_hal.o
                0x08002f30                HAL_InitTick
 .text.HAL_Init
                0x08002f78       0x28 Drivers\STM32L0xx_HAL_Driver\Src\stm32l0xx_hal.o
                0x08002f78                HAL_Init
 .text.HAL_IncTick
                0x08002fa0       0x18 Drivers\STM32L0xx_HAL_Driver\Src\stm32l0xx_hal.o
                0x08002fa0                HAL_IncTick
 .text.HAL_GetTick
                0x08002fb8        0xc Drivers\STM32L0xx_HAL_Driver\Src\stm32l0xx_hal.o
                0x08002fb8                HAL_GetTick
 .text.HAL_Delay
                0x08002fc4       0x24 Drivers\STM32L0xx_HAL_Driver\Src\stm32l0xx_hal.o
                0x08002fc4                HAL_Delay
 .text.HAL_SuspendTick
                0x08002fe8       0x10 Drivers\STM32L0xx_HAL_Driver\Src\stm32l0xx_hal.o
                0x08002fe8                HAL_SuspendTick
 .text.HAL_ResumeTick
                0x08002ff8       0x10 Drivers\STM32L0xx_HAL_Driver\Src\stm32l0xx_hal.o
                0x08002ff8                HAL_ResumeTick
 .text.ADC_DelayMicroSecond
                0x08003008       0x2c Drivers\STM32L0xx_HAL_Driver\Src\stm32l0xx_hal_adc.o
 .text.ADC_Disable
                0x08003034       0x68 Drivers\STM32L0xx_HAL_Driver\Src\stm32l0xx_hal_adc.o
 .text.ADC_Enable
                0x0800309c       0x70 Drivers\STM32L0xx_HAL_Driver\Src\stm32l0xx_hal_adc.o
 .text.ADC_ConversionStop
                0x0800310c       0x52 Drivers\STM32L0xx_HAL_Driver\Src\stm32l0xx_hal_adc.o
 *fill*         0x0800315e        0x2 
 .text.HAL_ADC_Init
                0x08003160      0x1b0 Drivers\STM32L0xx_HAL_Driver\Src\stm32l0xx_hal_adc.o
                0x08003160                HAL_ADC_Init
 .text.HAL_ADC_DeInit
                0x08003310       0xa8 Drivers\STM32L0xx_HAL_Driver\Src\stm32l0xx_hal_adc.o
                0x08003310                HAL_ADC_DeInit
 .text.HAL_ADC_Start
                0x080033b8       0x58 Drivers\STM32L0xx_HAL_Driver\Src\stm32l0xx_hal_adc.o
                0x080033b8                HAL_ADC_Start
 .text.HAL_ADC_Stop
                0x08003410       0x3c Drivers\STM32L0xx_HAL_Driver\Src\stm32l0xx_hal_adc.o
                0x08003410                HAL_ADC_Stop
 .text.HAL_ADC_PollForConversion
                0x0800344c       0xbc Drivers\STM32L0xx_HAL_Driver\Src\stm32l0xx_hal_adc.o
                0x0800344c                HAL_ADC_PollForConversion
 .text.HAL_ADC_GetValue
                0x08003508        0x6 Drivers\STM32L0xx_HAL_Driver\Src\stm32l0xx_hal_adc.o
                0x08003508                HAL_ADC_GetValue
 *fill*         0x0800350e        0x2 
 .text.HAL_ADC_ConfigChannel
                0x08003510       0xcc Drivers\STM32L0xx_HAL_Driver\Src\stm32l0xx_hal_adc.o
                0x08003510                HAL_ADC_ConfigChannel
 .text.HAL_ADCEx_Calibration_Start
                0x080035dc       0xa0 Drivers\STM32L0xx_HAL_Driver\Src\stm32l0xx_hal_adc_ex.o
                0x080035dc                HAL_ADCEx_Calibration_Start
 .text.HAL_NVIC_SetPriority
                0x0800367c       0x60 Drivers\STM32L0xx_HAL_Driver\Src\stm32l0xx_hal_cortex.o
                0x0800367c                HAL_NVIC_SetPriority
 .text.HAL_NVIC_EnableIRQ
                0x080036dc       0x14 Drivers\STM32L0xx_HAL_Driver\Src\stm32l0xx_hal_cortex.o
                0x080036dc                HAL_NVIC_EnableIRQ
 .text.HAL_SYSTICK_Config
                0x080036f0       0x34 Drivers\STM32L0xx_HAL_Driver\Src\stm32l0xx_hal_cortex.o
                0x080036f0                HAL_SYSTICK_Config
 .text.HAL_GPIO_Init
                0x08003724      0x184 Drivers\STM32L0xx_HAL_Driver\Src\stm32l0xx_hal_gpio.o
                0x08003724                HAL_GPIO_Init
 .text.HAL_GPIO_DeInit
                0x080038a8      0x100 Drivers\STM32L0xx_HAL_Driver\Src\stm32l0xx_hal_gpio.o
                0x080038a8                HAL_GPIO_DeInit
 .text.HAL_GPIO_ReadPin
                0x080039a8        0xc Drivers\STM32L0xx_HAL_Driver\Src\stm32l0xx_hal_gpio.o
                0x080039a8                HAL_GPIO_ReadPin
 .text.HAL_GPIO_WritePin
                0x080039b4        0xc Drivers\STM32L0xx_HAL_Driver\Src\stm32l0xx_hal_gpio.o
                0x080039b4                HAL_GPIO_WritePin
 .text.HAL_GPIO_EXTI_IRQHandler
                0x080039c0       0x18 Drivers\STM32L0xx_HAL_Driver\Src\stm32l0xx_hal_gpio.o
                0x080039c0                HAL_GPIO_EXTI_IRQHandler
 .text.I2C_Flush_TXDR
                0x080039d8       0x1c Drivers\STM32L0xx_HAL_Driver\Src\stm32l0xx_hal_i2c.o
 .text.I2C_TransferConfig
                0x080039f4       0x2c Drivers\STM32L0xx_HAL_Driver\Src\stm32l0xx_hal_i2c.o
 .text.I2C_WaitOnFlagUntilTimeout
                0x08003a20       0x50 Drivers\STM32L0xx_HAL_Driver\Src\stm32l0xx_hal_i2c.o
 .text.I2C_IsAcknowledgeFailed
                0x08003a70       0x7c Drivers\STM32L0xx_HAL_Driver\Src\stm32l0xx_hal_i2c.o
 .text.I2C_WaitOnTXISFlagUntilTimeout
                0x08003aec       0x54 Drivers\STM32L0xx_HAL_Driver\Src\stm32l0xx_hal_i2c.o
 .text.I2C_WaitOnSTOPFlagUntilTimeout
                0x08003b40       0x50 Drivers\STM32L0xx_HAL_Driver\Src\stm32l0xx_hal_i2c.o
 .text.I2C_WaitOnRXNEFlagUntilTimeout
                0x08003b90       0x80 Drivers\STM32L0xx_HAL_Driver\Src\stm32l0xx_hal_i2c.o
 .text.HAL_I2C_Init
                0x08003c10       0xac Drivers\STM32L0xx_HAL_Driver\Src\stm32l0xx_hal_i2c.o
                0x08003c10                HAL_I2C_Init
 .text.HAL_I2C_DeInit
                0x08003cbc       0x34 Drivers\STM32L0xx_HAL_Driver\Src\stm32l0xx_hal_i2c.o
                0x08003cbc                HAL_I2C_DeInit
 .text.HAL_I2C_Master_Transmit
                0x08003cf0      0x12c Drivers\STM32L0xx_HAL_Driver\Src\stm32l0xx_hal_i2c.o
                0x08003cf0                HAL_I2C_Master_Transmit
 .text.HAL_I2C_Master_Receive
                0x08003e1c      0x130 Drivers\STM32L0xx_HAL_Driver\Src\stm32l0xx_hal_i2c.o
                0x08003e1c                HAL_I2C_Master_Receive
 .text.HAL_I2CEx_ConfigAnalogFilter
                0x08003f4c       0x4c Drivers\STM32L0xx_HAL_Driver\Src\stm32l0xx_hal_i2c_ex.o
                0x08003f4c                HAL_I2CEx_ConfigAnalogFilter
 .text.HAL_I2CEx_ConfigDigitalFilter
                0x08003f98       0x48 Drivers\STM32L0xx_HAL_Driver\Src\stm32l0xx_hal_i2c_ex.o
                0x08003f98                HAL_I2CEx_ConfigDigitalFilter
 .text.HAL_PWR_EnableBkUpAccess
                0x08003fe0       0x14 Drivers\STM32L0xx_HAL_Driver\Src\stm32l0xx_hal_pwr.o
                0x08003fe0                HAL_PWR_EnableBkUpAccess
 .text.HAL_PWR_DisablePVD
                0x08003ff4       0x10 Drivers\STM32L0xx_HAL_Driver\Src\stm32l0xx_hal_pwr.o
                0x08003ff4                HAL_PWR_DisablePVD
 .text.HAL_PWR_EnterSTOPMode
                0x08004004       0x38 Drivers\STM32L0xx_HAL_Driver\Src\stm32l0xx_hal_pwr.o
                0x08004004                HAL_PWR_EnterSTOPMode
 .text.HAL_PWR_EnterSTANDBYMode
                0x0800403c       0x20 Drivers\STM32L0xx_HAL_Driver\Src\stm32l0xx_hal_pwr.o
                0x0800403c                HAL_PWR_EnterSTANDBYMode
 .text.HAL_PWREx_EnableUltraLowPower
                0x0800405c       0x14 Drivers\STM32L0xx_HAL_Driver\Src\stm32l0xx_hal_pwr_ex.o
                0x0800405c                HAL_PWREx_EnableUltraLowPower
 .text.HAL_RCC_GetSysClockFreq
                0x08004070       0x6c Drivers\STM32L0xx_HAL_Driver\Src\stm32l0xx_hal_rcc.o
                0x08004070                HAL_RCC_GetSysClockFreq
 .text.HAL_RCC_OscConfig
                0x080040dc      0x518 Drivers\STM32L0xx_HAL_Driver\Src\stm32l0xx_hal_rcc.o
                0x080040dc                HAL_RCC_OscConfig
 .text.HAL_RCC_ClockConfig
                0x080045f4      0x170 Drivers\STM32L0xx_HAL_Driver\Src\stm32l0xx_hal_rcc.o
                0x080045f4                HAL_RCC_ClockConfig
 .text.HAL_RCC_GetPCLK1Freq
                0x08004764       0x20 Drivers\STM32L0xx_HAL_Driver\Src\stm32l0xx_hal_rcc.o
                0x08004764                HAL_RCC_GetPCLK1Freq
 .text.HAL_RCC_GetPCLK2Freq
                0x08004784       0x20 Drivers\STM32L0xx_HAL_Driver\Src\stm32l0xx_hal_rcc.o
                0x08004784                HAL_RCC_GetPCLK2Freq
 .text.HAL_RCCEx_PeriphCLKConfig
                0x080047a4      0x1d4 Drivers\STM32L0xx_HAL_Driver\Src\stm32l0xx_hal_rcc_ex.o
                0x080047a4                HAL_RCCEx_PeriphCLKConfig
 .text.HAL_RTC_DeactivateAlarm
                0x08004978       0xc0 Drivers\STM32L0xx_HAL_Driver\Src\stm32l0xx_hal_rtc.o
                0x08004978                HAL_RTC_DeactivateAlarm
 .text.HAL_RTC_AlarmIRQHandler
                0x08004a38       0x60 Drivers\STM32L0xx_HAL_Driver\Src\stm32l0xx_hal_rtc.o
                0x08004a38                HAL_RTC_AlarmIRQHandler
 .text.HAL_RTC_WaitForSynchro
                0x08004a98       0x34 Drivers\STM32L0xx_HAL_Driver\Src\stm32l0xx_hal_rtc.o
                0x08004a98                HAL_RTC_WaitForSynchro
 .text.RTC_EnterInitMode
                0x08004acc       0x38 Drivers\STM32L0xx_HAL_Driver\Src\stm32l0xx_hal_rtc.o
                0x08004acc                RTC_EnterInitMode
 .text.HAL_RTC_Init
                0x08004b04       0xb8 Drivers\STM32L0xx_HAL_Driver\Src\stm32l0xx_hal_rtc.o
                0x08004b04                HAL_RTC_Init
 .text.RTC_ByteToBcd2
                0x08004bbc       0x16 Drivers\STM32L0xx_HAL_Driver\Src\stm32l0xx_hal_rtc.o
                0x08004bbc                RTC_ByteToBcd2
 *fill*         0x08004bd2        0x2 
 .text.HAL_RTC_SetTime
                0x08004bd4       0xfc Drivers\STM32L0xx_HAL_Driver\Src\stm32l0xx_hal_rtc.o
                0x08004bd4                HAL_RTC_SetTime
 .text.HAL_RTC_SetDate
                0x08004cd0       0xd8 Drivers\STM32L0xx_HAL_Driver\Src\stm32l0xx_hal_rtc.o
                0x08004cd0                HAL_RTC_SetDate
 .text.HAL_RTC_SetAlarm_IT
                0x08004da8      0x194 Drivers\STM32L0xx_HAL_Driver\Src\stm32l0xx_hal_rtc.o
                0x08004da8                HAL_RTC_SetAlarm_IT
 .text.RTC_Bcd2ToByte
                0x08004f3c       0x10 Drivers\STM32L0xx_HAL_Driver\Src\stm32l0xx_hal_rtc.o
                0x08004f3c                RTC_Bcd2ToByte
 .text.HAL_RTC_GetTime
                0x08004f4c       0x54 Drivers\STM32L0xx_HAL_Driver\Src\stm32l0xx_hal_rtc.o
                0x08004f4c                HAL_RTC_GetTime
 .text.HAL_RTC_GetDate
                0x08004fa0       0x44 Drivers\STM32L0xx_HAL_Driver\Src\stm32l0xx_hal_rtc.o
                0x08004fa0                HAL_RTC_GetDate
 .text.HAL_RTCEx_AlarmBEventCallback
                0x08004fe4        0x2 Drivers\STM32L0xx_HAL_Driver\Src\stm32l0xx_hal_rtc_ex.o
                0x08004fe4                HAL_RTCEx_AlarmBEventCallback
 *fill*         0x08004fe6        0x2 
 .text.SPI_WaitFlagStateUntilTimeout.constprop.8
                0x08004fe8       0x84 Drivers\STM32L0xx_HAL_Driver\Src\stm32l0xx_hal_spi.o
 .text.SPI_EndRxTransaction
                0x0800506c       0x54 Drivers\STM32L0xx_HAL_Driver\Src\stm32l0xx_hal_spi.o
 .text.SPI_EndRxTxTransaction
                0x080050c0       0x3e Drivers\STM32L0xx_HAL_Driver\Src\stm32l0xx_hal_spi.o
 *fill*         0x080050fe        0x2 
 .text.HAL_SPI_Init
                0x08005100       0x80 Drivers\STM32L0xx_HAL_Driver\Src\stm32l0xx_hal_spi.o
                0x08005100                HAL_SPI_Init
 .text.HAL_SPI_DeInit
                0x08005180       0x2e Drivers\STM32L0xx_HAL_Driver\Src\stm32l0xx_hal_spi.o
                0x08005180                HAL_SPI_DeInit
 .text.HAL_SPI_Transmit
                0x080051ae      0x16e Drivers\STM32L0xx_HAL_Driver\Src\stm32l0xx_hal_spi.o
                0x080051ae                HAL_SPI_Transmit
 .text.HAL_SPI_TransmitReceive
                0x0800531c      0x1ec Drivers\STM32L0xx_HAL_Driver\Src\stm32l0xx_hal_spi.o
                0x0800531c                HAL_SPI_TransmitReceive
 .text.HAL_SPI_Receive
                0x08005508      0x14c Drivers\STM32L0xx_HAL_Driver\Src\stm32l0xx_hal_spi.o
                0x08005508                HAL_SPI_Receive
 .text.TIM_Base_SetConfig
                0x08005654       0x70 Drivers\STM32L0xx_HAL_Driver\Src\stm32l0xx_hal_tim.o
 .text.HAL_TIM_Base_Init
                0x080056c4       0x36 Drivers\STM32L0xx_HAL_Driver\Src\stm32l0xx_hal_tim.o
                0x080056c4                HAL_TIM_Base_Init
 .text.HAL_TIM_Base_Start
                0x080056fa       0x24 Drivers\STM32L0xx_HAL_Driver\Src\stm32l0xx_hal_tim.o
                0x080056fa                HAL_TIM_Base_Start
 *fill*         0x0800571e        0x2 
 .text.HAL_TIM_Base_Stop
                0x08005720       0x28 Drivers\STM32L0xx_HAL_Driver\Src\stm32l0xx_hal_tim.o
                0x08005720                HAL_TIM_Base_Stop
 .text.HAL_TIMEx_MasterConfigSynchronization
                0x08005748       0x3a Drivers\STM32L0xx_HAL_Driver\Src\stm32l0xx_hal_tim_ex.o
                0x08005748                HAL_TIMEx_MasterConfigSynchronization
 .text.HAL_UART_DeInit
                0x08005782       0x32 Drivers\STM32L0xx_HAL_Driver\Src\stm32l0xx_hal_uart.o
                0x08005782                HAL_UART_DeInit
 .text.UART_SetConfig
                0x080057b4      0x264 Drivers\STM32L0xx_HAL_Driver\Src\stm32l0xx_hal_uart.o
                0x080057b4                UART_SetConfig
 .text.UART_AdvFeatureConfig
                0x08005a18       0xd0 Drivers\STM32L0xx_HAL_Driver\Src\stm32l0xx_hal_uart.o
                0x08005a18                UART_AdvFeatureConfig
 .text.UART_WaitOnFlagUntilTimeout
                0x08005ae8       0x5c Drivers\STM32L0xx_HAL_Driver\Src\stm32l0xx_hal_uart.o
                0x08005ae8                UART_WaitOnFlagUntilTimeout
 .text.UART_CheckIdleState
                0x08005b44       0x60 Drivers\STM32L0xx_HAL_Driver\Src\stm32l0xx_hal_uart.o
                0x08005b44                UART_CheckIdleState
 .text.HAL_UART_Init
                0x08005ba4       0x64 Drivers\STM32L0xx_HAL_Driver\Src\stm32l0xx_hal_uart.o
                0x08005ba4                HAL_UART_Init
 .text.SystemClock_Config
                0x08005c08       0x98 Src\main.o
                0x08005c08                SystemClock_Config
 .text.writeError
                0x08005ca0       0x2c Src\main.o
                0x08005ca0                writeError
 .text.getADC   0x08005ccc       0x60 Src\main.o
                0x08005ccc                getADC
 .text.getSolarData
                0x08005d2c       0xcc Src\main.o
                0x08005d2c                getSolarData
 .text.getWindSpeed
                0x08005df8      0x134 Src\main.o
                0x08005df8                getWindSpeed
 .text.getWindDir
                0x08005f2c       0x84 Src\main.o
                0x08005f2c                getWindDir
 .text.getBatteryVoltage
                0x08005fb0       0x60 Src\main.o
                0x08005fb0                getBatteryVoltage
 .text.readWeatherData
                0x08006010       0xd8 Src\main.o
                0x08006010                readWeatherData
 .text.startup.main
                0x080060e8      0x9c8 Src\main.o
                0x080060e8                main
 .text.HAL_GPIO_EXTI_Callback
                0x08006ab0       0x10 Src\main.o
                0x08006ab0                HAL_GPIO_EXTI_Callback
 .text.HAL_RTC_AlarmAEventCallback
                0x08006ac0        0xc Src\main.o
                0x08006ac0                HAL_RTC_AlarmAEventCallback
 .text.HAL_MspInit
                0x08006acc       0x1c Src\stm32l0xx_hal_msp.o
                0x08006acc                HAL_MspInit
 .text.HAL_ADC_MspInit
                0x08006ae8       0x54 Src\stm32l0xx_hal_msp.o
                0x08006ae8                HAL_ADC_MspInit
 .text.HAL_ADC_MspDeInit
                0x08006b3c       0x2c Src\stm32l0xx_hal_msp.o
                0x08006b3c                HAL_ADC_MspDeInit
 .text.HAL_I2C_MspInit
                0x08006b68       0x64 Src\stm32l0xx_hal_msp.o
                0x08006b68                HAL_I2C_MspInit
 .text.HAL_I2C_MspDeInit
                0x08006bcc       0x30 Src\stm32l0xx_hal_msp.o
                0x08006bcc                HAL_I2C_MspDeInit
 .text.HAL_RTC_MspInit
                0x08006bfc       0x30 Src\stm32l0xx_hal_msp.o
                0x08006bfc                HAL_RTC_MspInit
 .text.HAL_SPI_MspInit
                0x08006c2c       0x58 Src\stm32l0xx_hal_msp.o
                0x08006c2c                HAL_SPI_MspInit
 .text.HAL_SPI_MspDeInit
                0x08006c84       0x2c Src\stm32l0xx_hal_msp.o
                0x08006c84                HAL_SPI_MspDeInit
 .text.HAL_TIM_Base_MspInit
                0x08006cb0       0x1c Src\stm32l0xx_hal_msp.o
                0x08006cb0                HAL_TIM_Base_MspInit
 .text.HAL_UART_MspInit
                0x08006ccc       0x5c Src\stm32l0xx_hal_msp.o
                0x08006ccc                HAL_UART_MspInit
 .text.HAL_UART_MspDeInit
                0x08006d28       0x2c Src\stm32l0xx_hal_msp.o
                0x08006d28                HAL_UART_MspDeInit
 .text.NMI_Handler
                0x08006d54        0x2 Src\stm32l0xx_it.o
                0x08006d54                NMI_Handler
 .text.HardFault_Handler
                0x08006d56        0x2 Src\stm32l0xx_it.o
                0x08006d56                HardFault_Handler
 .text.SVC_Handler
                0x08006d58        0x2 Src\stm32l0xx_it.o
                0x08006d58                SVC_Handler
 .text.PendSV_Handler
                0x08006d5a        0x2 Src\stm32l0xx_it.o
                0x08006d5a                PendSV_Handler
 .text.SysTick_Handler
                0x08006d5c        0x8 Src\stm32l0xx_it.o
                0x08006d5c                SysTick_Handler
 .text.RTC_IRQHandler
                0x08006d64       0x10 Src\stm32l0xx_it.o
                0x08006d64                RTC_IRQHandler
 .text.EXTI0_1_IRQHandler
                0x08006d74        0xa Src\stm32l0xx_it.o
                0x08006d74                EXTI0_1_IRQHandler
 .text.EXTI4_15_IRQHandler
                0x08006d7e        0xc Src\stm32l0xx_it.o
                0x08006d7e                EXTI4_15_IRQHandler
 *fill*         0x08006d8a        0x2 
 .text._sbrk    0x08006d8c       0x34 Src\syscalls.o
                0x08006d8c                _sbrk
 .text.SystemInit
                0x08006dc0       0x5c Src\system_stm32l0xx.o
                0x08006dc0                SystemInit
 .text.BMP180_Init
                0x08006e1c      0x220 myDrivers\Src\BMP180.o
                0x08006e1c                BMP180_Init
 .text.BMP180_ReadTemperatue
                0x0800703c       0xc4 myDrivers\Src\BMP180.o
                0x0800703c                BMP180_ReadTemperatue
 .text.BMP180_ReadPressure
                0x08007100      0x1b4 myDrivers\Src\BMP180.o
                0x08007100                BMP180_ReadPressure
 .text.RF24_csn
                0x080072b4       0x20 myDrivers\Src\RF24.o
                0x080072b4                RF24_csn
 .text.RF24_ce  0x080072d4       0x20 myDrivers\Src\RF24.o
                0x080072d4                RF24_ce
 .text.RF24_beginTransaction
                0x080072f4        0xa myDrivers\Src\RF24.o
                0x080072f4                RF24_beginTransaction
 .text.RF24_endTransaction
                0x080072fe        0xa myDrivers\Src\RF24.o
                0x080072fe                RF24_endTransaction
 .text.RF24_read_register
                0x08007308       0x50 myDrivers\Src\RF24.o
                0x08007308                RF24_read_register
 .text.RF24_write_registers
                0x08007358       0x4c myDrivers\Src\RF24.o
                0x08007358                RF24_write_registers
 .text.RF24_write_register
                0x080073a4       0x60 myDrivers\Src\RF24.o
                0x080073a4                RF24_write_register
 .text.RF24_write_payload
                0x08007404       0x94 myDrivers\Src\RF24.o
                0x08007404                RF24_write_payload
 .text.RF24_read_payload
                0x08007498       0x80 myDrivers\Src\RF24.o
                0x08007498                RF24_read_payload
 .text.RF24_flush_rx
                0x08007518       0x18 myDrivers\Src\RF24.o
                0x08007518                RF24_flush_rx
 .text.RF24_flush_tx
                0x08007530       0x18 myDrivers\Src\RF24.o
                0x08007530                RF24_flush_tx
 .text.RF24_get_status
                0x08007548       0x18 myDrivers\Src\RF24.o
                0x08007548                RF24_get_status
 .text.RF24_init
                0x08007560       0x5c myDrivers\Src\RF24.o
                0x08007560                RF24_init
 .text.RF24_setChannel
                0x080075bc       0x16 myDrivers\Src\RF24.o
                0x080075bc                RF24_setChannel
 *fill*         0x080075d2        0x2 
 .text.RF24_setPayloadSize
                0x080075d4       0x30 myDrivers\Src\RF24.o
                0x080075d4                RF24_setPayloadSize
 .text.RF24_stopListening
                0x08007604       0x48 myDrivers\Src\RF24.o
                0x08007604                RF24_stopListening
 .text.RF24_powerDown
                0x0800764c       0x20 myDrivers\Src\RF24.o
                0x0800764c                RF24_powerDown
 .text.RF24_powerUp
                0x0800766c       0x24 myDrivers\Src\RF24.o
                0x0800766c                RF24_powerUp
 .text.RF24_startFastWrite
                0x08007690       0x1e myDrivers\Src\RF24.o
                0x08007690                RF24_startFastWrite
 *fill*         0x080076ae        0x2 
 .text.RF24_write
                0x080076b0       0x50 myDrivers\Src\RF24.o
                0x080076b0                RF24_write
 .text.RF24_available
                0x08007700       0x1c myDrivers\Src\RF24.o
                0x08007700                RF24_available
 .text.RF24_read
                0x0800771c       0x12 myDrivers\Src\RF24.o
                0x0800771c                RF24_read
 *fill*         0x0800772e        0x2 
 .text.RF24_openWritingPipe
                0x08007730       0x24 myDrivers\Src\RF24.o
                0x08007730                RF24_openWritingPipe
 .text.RF24_openReadingPipe
                0x08007754       0x64 myDrivers\Src\RF24.o
                0x08007754                RF24_openReadingPipe
 .text.RF24_setAddressWidth
                0x080077b8       0x30 myDrivers\Src\RF24.o
                0x080077b8                RF24_setAddressWidth
 .text.RF24_toggle_features
                0x080077e8       0x40 myDrivers\Src\RF24.o
                0x080077e8                RF24_toggle_features
 .text.RF24_enableAckPayload
                0x08007828       0x44 myDrivers\Src\RF24.o
                0x08007828                RF24_enableAckPayload
 .text.RF24_disableAckPayload
                0x0800786c       0x2c myDrivers\Src\RF24.o
                0x0800786c                RF24_disableAckPayload
 .text.RF24_isAckPayloadAvailable
                0x08007898        0xa myDrivers\Src\RF24.o
                0x08007898                RF24_isAckPayloadAvailable
 *fill*         0x080078a2        0x2 
 .text.RF24_setAutoAck
                0x080078a4       0x2c myDrivers\Src\RF24.o
                0x080078a4                RF24_setAutoAck
 .text.RF24_setPALevel
                0x080078d0       0x2c myDrivers\Src\RF24.o
                0x080078d0                RF24_setPALevel
 .text.RF24_setDataRate
                0x080078fc       0x50 myDrivers\Src\RF24.o
                0x080078fc                RF24_setDataRate
 .text.RF24_setRetries
                0x0800794c       0x16 myDrivers\Src\RF24.o
                0x0800794c                RF24_setRetries
 *fill*         0x08007962        0x2 
 .text.RF24_begin
                0x08007964       0xd4 myDrivers\Src\RF24.o
                0x08007964                RF24_begin
 .text.SHT21_Init
                0x08007a38       0x28 myDrivers\Src\SHT21.o
                0x08007a38                SHT21_Init
 .text.SHT21_ReadRegister
                0x08007a60       0x40 myDrivers\Src\SHT21.o
                0x08007a60                SHT21_ReadRegister
 .text.SHT21_ReadHumidity
                0x08007aa0       0x34 myDrivers\Src\SHT21.o
                0x08007aa0                SHT21_ReadHumidity
 .text.SHT21_ReadTemperature
                0x08007ad4       0x3c myDrivers\Src\SHT21.o
                0x08007ad4                SHT21_ReadTemperature
 .text.Si1147_ReadReg
                0x08007b10       0x38 myDrivers\Src\Si1147.o
                0x08007b10                Si1147_ReadReg
 .text.Si1147_WriteReg
                0x08007b48       0x20 myDrivers\Src\Si1147.o
                0x08007b48                Si1147_WriteReg
 .text.Si1147_WriteRegs
                0x08007b68       0x1c myDrivers\Src\Si1147.o
                0x08007b68                Si1147_WriteRegs
 .text.Si1147_ReadRegs
                0x08007b84       0x38 myDrivers\Src\Si1147.o
                0x08007b84                Si1147_ReadRegs
 .text.Si1147_GetResponse
                0x08007bbc       0x38 myDrivers\Src\Si1147.o
                0x08007bbc                Si1147_GetResponse
 .text.Si1147_Init
                0x08007bf4       0x84 myDrivers\Src\Si1147.o
                0x08007bf4                Si1147_Init
 .text.Si1147_SetUV
                0x08007c78       0x72 myDrivers\Src\Si1147.o
                0x08007c78                Si1147_SetUV
 *fill*         0x08007cea        0x2 
 .text.Si1147_ForceUV
                0x08007cec       0x38 myDrivers\Src\Si1147.o
                0x08007cec                Si1147_ForceUV
 .text.Si1147_GetUV
                0x08007d24       0x28 myDrivers\Src\Si1147.o
                0x08007d24                Si1147_GetUV
 .text.Si1147_GetVis
                0x08007d4c       0x1e myDrivers\Src\Si1147.o
                0x08007d4c                Si1147_GetVis
 *fill*         0x08007d6a        0x2 
 .text.communication_Setup
                0x08007d6c       0x40 myDrivers\Src\communication.o
                0x08007d6c                communication_Setup
 .text.communication_Transmit
                0x08007dac       0x2a myDrivers\Src\communication.o
                0x08007dac                communication_Transmit
 *fill*         0x08007dd6        0x2 
 .text.glassLCD_Update
                0x08007dd8       0x84 myDrivers\Src\glassLCD.o
                0x08007dd8                glassLCD_Update
 .text.glassLCD_Clear
                0x08007e5c       0x1c myDrivers\Src\glassLCD.o
                0x08007e5c                glassLCD_Clear
 .text.glassLCD_WriteData
                0x08007e78       0x38 myDrivers\Src\glassLCD.o
                0x08007e78                glassLCD_WriteData
 .text.glassLCD_SetDot
                0x08007eb0        0xc myDrivers\Src\glassLCD.o
                0x08007eb0                glassLCD_SetDot
 .text.glassLCD_WriteArrow
                0x08007ebc       0x30 myDrivers\Src\glassLCD.o
                0x08007ebc                glassLCD_WriteArrow
 .text.glassLCD_WriteCmd
                0x08007eec       0x28 myDrivers\Src\glassLCD.o
                0x08007eec                glassLCD_WriteCmd
 .text.glassLCD_Begin
                0x08007f14       0x12 myDrivers\Src\glassLCD.o
                0x08007f14                glassLCD_Begin
 *fill*         0x08007f26        0x2 
 .text.RTC_GetTime
                0x08007f28       0x54 myDrivers\Src\rtc.o
                0x08007f28                RTC_GetTime
 .text.RTC_EpochToHuman
                0x08007f7c       0x2e myDrivers\Src\rtc.o
                0x08007f7c                RTC_EpochToHuman
 *fill*         0x08007faa        0x2 
 .text.RTC_SetTime
                0x08007fac       0x78 myDrivers\Src\rtc.o
                0x08007fac                RTC_SetTime
 .text.RTC_SetAlarmEpoch
                0x08008024       0x70 myDrivers\Src\rtc.o
                0x08008024                RTC_SetAlarmEpoch
 .text.Sleep_LightSleep
                0x08008094       0x68 myDrivers\Src\sleep.o
                0x08008094                Sleep_LightSleep
 .text.Reset_Handler
                0x080080fc       0x50 startup\startup_stm32l073xx.o
                0x080080fc                Reset_Handler
 .text.Default_Handler
                0x0800814c        0x2 startup\startup_stm32l073xx.o
                0x0800814c                TSC_IRQHandler
                0x0800814c                ADC1_COMP_IRQHandler
                0x0800814c                PVD_IRQHandler
                0x0800814c                I2C1_IRQHandler
                0x0800814c                RCC_CRS_IRQHandler
                0x0800814c                SPI1_IRQHandler
                0x0800814c                TIM6_DAC_IRQHandler
                0x0800814c                EXTI2_3_IRQHandler
                0x0800814c                I2C2_IRQHandler
                0x0800814c                LCD_IRQHandler
                0x0800814c                DMA1_Channel4_5_6_7_IRQHandler
                0x0800814c                TIM3_IRQHandler
                0x0800814c                DMA1_Channel1_IRQHandler
                0x0800814c                USART4_5_IRQHandler
                0x0800814c                Default_Handler
                0x0800814c                TIM22_IRQHandler
                0x0800814c                TIM7_IRQHandler
                0x0800814c                USB_IRQHandler
                0x0800814c                I2C3_IRQHandler
                0x0800814c                SPI2_IRQHandler
                0x0800814c                TIM21_IRQHandler
                0x0800814c                WWDG_IRQHandler
                0x0800814c                TIM2_IRQHandler
                0x0800814c                DMA1_Channel2_3_IRQHandler
                0x0800814c                USART2_IRQHandler
                0x0800814c                FLASH_IRQHandler
                0x0800814c                USART1_IRQHandler
                0x0800814c                RNG_LPUART1_IRQHandler
                0x0800814c                LPTIM1_IRQHandler
 *fill*         0x0800814e        0x2 
 .text.__errno  0x08008150        0xc c:/program files (x86)/atollic/truestudio for stm32 9.3.0/armtools/bin/../lib/gcc/arm-atollic-eabi/6.3.1/../../../../arm-atollic-eabi/lib/armv6-m\libc_nano.a(lib_a-errno.o)
                0x08008150                __errno
 .text.__libc_init_array
                0x0800815c       0x48 c:/program files (x86)/atollic/truestudio for stm32 9.3.0/armtools/bin/../lib/gcc/arm-atollic-eabi/6.3.1/../../../../arm-atollic-eabi/lib/armv6-m\libc_nano.a(lib_a-init.o)
                0x0800815c                __libc_init_array
 .text.localtime
                0x080081a4       0x24 c:/program files (x86)/atollic/truestudio for stm32 9.3.0/armtools/bin/../lib/gcc/arm-atollic-eabi/6.3.1/../../../../arm-atollic-eabi/lib/armv6-m\libc_nano.a(lib_a-lcltime.o)
                0x080081a4                localtime
 .text.localtime_r
                0x080081c8      0x1e0 c:/program files (x86)/atollic/truestudio for stm32 9.3.0/armtools/bin/../lib/gcc/arm-atollic-eabi/6.3.1/../../../../arm-atollic-eabi/lib/armv6-m\libc_nano.a(lib_a-lcltime_r.o)
                0x080081c8                localtime_r
 .text.malloc   0x080083a8       0x14 c:/program files (x86)/atollic/truestudio for stm32 9.3.0/armtools/bin/../lib/gcc/arm-atollic-eabi/6.3.1/../../../../arm-atollic-eabi/lib/armv6-m\libc_nano.a(lib_a-malloc.o)
                0x080083a8                malloc
 .text.free     0x080083bc       0x14 c:/program files (x86)/atollic/truestudio for stm32 9.3.0/armtools/bin/../lib/gcc/arm-atollic-eabi/6.3.1/../../../../arm-atollic-eabi/lib/armv6-m\libc_nano.a(lib_a-malloc.o)
                0x080083bc                free
 .text.memcpy   0x080083d0       0x12 c:/program files (x86)/atollic/truestudio for stm32 9.3.0/armtools/bin/../lib/gcc/arm-atollic-eabi/6.3.1/../../../../arm-atollic-eabi/lib/armv6-m\libc_nano.a(lib_a-memcpy-stub.o)
                0x080083d0                memcpy
 .text.memset   0x080083e2       0x10 c:/program files (x86)/atollic/truestudio for stm32 9.3.0/armtools/bin/../lib/gcc/arm-atollic-eabi/6.3.1/../../../../arm-atollic-eabi/lib/armv6-m\libc_nano.a(lib_a-memset.o)
                0x080083e2                memset
 *fill*         0x080083f2        0x2 
 .text.validate_structure
                0x080083f4      0x198 c:/program files (x86)/atollic/truestudio for stm32 9.3.0/armtools/bin/../lib/gcc/arm-atollic-eabi/6.3.1/../../../../arm-atollic-eabi/lib/armv6-m\libc_nano.a(lib_a-mktime.o)
 .text.mktime   0x0800858c      0x314 c:/program files (x86)/atollic/truestudio for stm32 9.3.0/armtools/bin/../lib/gcc/arm-atollic-eabi/6.3.1/../../../../arm-atollic-eabi/lib/armv6-m\libc_nano.a(lib_a-mktime.o)
                0x0800858c                mktime
 .text._free_r  0x080088a0       0x94 c:/program files (x86)/atollic/truestudio for stm32 9.3.0/armtools/bin/../lib/gcc/arm-atollic-eabi/6.3.1/../../../../arm-atollic-eabi/lib/armv6-m\libc_nano.a(lib_a-nano-freer.o)
                0x080088a0                _free_r
 .text._malloc_r
                0x08008934       0xbc c:/program files (x86)/atollic/truestudio for stm32 9.3.0/armtools/bin/../lib/gcc/arm-atollic-eabi/6.3.1/../../../../arm-atollic-eabi/lib/armv6-m\libc_nano.a(lib_a-nano-mallocr.o)
                0x08008934                _malloc_r
 .text._sbrk_r  0x080089f0       0x24 c:/program files (x86)/atollic/truestudio for stm32 9.3.0/armtools/bin/../lib/gcc/arm-atollic-eabi/6.3.1/../../../../arm-atollic-eabi/lib/armv6-m\libc_nano.a(lib_a-sbrkr.o)
                0x080089f0                _sbrk_r
 .text.sprintf  0x08008a14       0x44 c:/program files (x86)/atollic/truestudio for stm32 9.3.0/armtools/bin/../lib/gcc/arm-atollic-eabi/6.3.1/../../../../arm-atollic-eabi/lib/armv6-m\libc_nano.a(lib_a-sprintf.o)
                0x08008a14                siprintf
                0x08008a14                sprintf
 .text.__tzcalc_limits
                0x08008a58      0x15c c:/program files (x86)/atollic/truestudio for stm32 9.3.0/armtools/bin/../lib/gcc/arm-atollic-eabi/6.3.1/../../../../arm-atollic-eabi/lib/armv6-m\libc_nano.a(lib_a-tzcalc_limits.o)
                0x08008a58                __tzcalc_limits
 .text.__tz_lock
                0x08008bb4        0x2 c:/program files (x86)/atollic/truestudio for stm32 9.3.0/armtools/bin/../lib/gcc/arm-atollic-eabi/6.3.1/../../../../arm-atollic-eabi/lib/armv6-m\libc_nano.a(lib_a-tzlock.o)
                0x08008bb4                __tz_lock
 .text.__tz_unlock
                0x08008bb6        0x2 c:/program files (x86)/atollic/truestudio for stm32 9.3.0/armtools/bin/../lib/gcc/arm-atollic-eabi/6.3.1/../../../../arm-atollic-eabi/lib/armv6-m\libc_nano.a(lib_a-tzlock.o)
                0x08008bb6                __tz_unlock
 .text._tzset_unlocked
                0x08008bb8       0x10 c:/program files (x86)/atollic/truestudio for stm32 9.3.0/armtools/bin/../lib/gcc/arm-atollic-eabi/6.3.1/../../../../arm-atollic-eabi/lib/armv6-m\libc_nano.a(lib_a-tzset.o)
                0x08008bb8                _tzset_unlocked
 .text._tzset_unlocked_r
                0x08008bc8      0x2fc c:/program files (x86)/atollic/truestudio for stm32 9.3.0/armtools/bin/../lib/gcc/arm-atollic-eabi/6.3.1/../../../../arm-atollic-eabi/lib/armv6-m\libc_nano.a(lib_a-tzset_r.o)
                0x08008bc8                _tzset_unlocked_r
 .text.div      0x08008ec4       0x38 c:/program files (x86)/atollic/truestudio for stm32 9.3.0/armtools/bin/../lib/gcc/arm-atollic-eabi/6.3.1/../../../../arm-atollic-eabi/lib/armv6-m\libc_nano.a(lib_a-div.o)
                0x08008ec4                div
 .text._findenv_r
                0x08008efc       0x78 c:/program files (x86)/atollic/truestudio for stm32 9.3.0/armtools/bin/../lib/gcc/arm-atollic-eabi/6.3.1/../../../../arm-atollic-eabi/lib/armv6-m\libc_nano.a(lib_a-getenv_r.o)
                0x08008efc                _findenv_r
 .text._getenv_r
                0x08008f74        0xa c:/program files (x86)/atollic/truestudio for stm32 9.3.0/armtools/bin/../lib/gcc/arm-atollic-eabi/6.3.1/../../../../arm-atollic-eabi/lib/armv6-m\libc_nano.a(lib_a-getenv_r.o)
                0x08008f74                _getenv_r
 *fill*         0x08008f7e        0x2 
 .text.__gettzinfo
                0x08008f80        0x8 c:/program files (x86)/atollic/truestudio for stm32 9.3.0/armtools/bin/../lib/gcc/arm-atollic-eabi/6.3.1/../../../../arm-atollic-eabi/lib/armv6-m\libc_nano.a(lib_a-gettzinfo.o)
                0x08008f80                __gettzinfo
 .text.gmtime_r
                0x08008f88      0x17c c:/program files (x86)/atollic/truestudio for stm32 9.3.0/armtools/bin/../lib/gcc/arm-atollic-eabi/6.3.1/../../../../arm-atollic-eabi/lib/armv6-m\libc_nano.a(lib_a-gmtime_r.o)
                0x08008f88                gmtime_r
 .text.__malloc_lock
                0x08009104        0x2 c:/program files (x86)/atollic/truestudio for stm32 9.3.0/armtools/bin/../lib/gcc/arm-atollic-eabi/6.3.1/../../../../arm-atollic-eabi/lib/armv6-m\libc_nano.a(lib_a-mlock.o)
                0x08009104                __malloc_lock
 .text.__malloc_unlock
                0x08009106        0x2 c:/program files (x86)/atollic/truestudio for stm32 9.3.0/armtools/bin/../lib/gcc/arm-atollic-eabi/6.3.1/../../../../arm-atollic-eabi/lib/armv6-m\libc_nano.a(lib_a-mlock.o)
                0x08009106                __malloc_unlock
 .text.__ssputs_r
                0x08009108       0xc4 c:/program files (x86)/atollic/truestudio for stm32 9.3.0/armtools/bin/../lib/gcc/arm-atollic-eabi/6.3.1/../../../../arm-atollic-eabi/lib/armv6-m\libc_nano.a(lib_a-nano-svfprintf.o)
                0x08009108                __ssputs_r
 .text._svfprintf_r
                0x080091cc      0x208 c:/program files (x86)/atollic/truestudio for stm32 9.3.0/armtools/bin/../lib/gcc/arm-atollic-eabi/6.3.1/../../../../arm-atollic-eabi/lib/armv6-m\libc_nano.a(lib_a-nano-svfprintf.o)
                0x080091cc                _svfiprintf_r
                0x080091cc                _svfprintf_r
 .text._printf_common
                0x080093d4       0xda c:/program files (x86)/atollic/truestudio for stm32 9.3.0/armtools/bin/../lib/gcc/arm-atollic-eabi/6.3.1/../../../../arm-atollic-eabi/lib/armv6-m\libc_nano.a(lib_a-nano-vfprintf_i.o)
                0x080093d4                _printf_common
 *fill*         0x080094ae        0x2 
 .text._printf_i
                0x080094b0      0x234 c:/program files (x86)/atollic/truestudio for stm32 9.3.0/armtools/bin/../lib/gcc/arm-atollic-eabi/6.3.1/../../../../arm-atollic-eabi/lib/armv6-m\libc_nano.a(lib_a-nano-vfprintf_i.o)
                0x080094b0                _printf_i
 .text.sscanf   0x080096e4       0x50 c:/program files (x86)/atollic/truestudio for stm32 9.3.0/armtools/bin/../lib/gcc/arm-atollic-eabi/6.3.1/../../../../arm-atollic-eabi/lib/armv6-m\libc_nano.a(lib_a-sscanf.o)
                0x080096e4                siscanf
                0x080096e4                sscanf
 .text.__seofread
                0x08009734        0x4 c:/program files (x86)/atollic/truestudio for stm32 9.3.0/armtools/bin/../lib/gcc/arm-atollic-eabi/6.3.1/../../../../arm-atollic-eabi/lib/armv6-m\libc_nano.a(lib_a-stdio.o)
                0x08009734                __seofread
 .text.strcpy   0x08009738       0x10 c:/program files (x86)/atollic/truestudio for stm32 9.3.0/armtools/bin/../lib/gcc/arm-atollic-eabi/6.3.1/../../../../arm-atollic-eabi/lib/armv6-m\libc_nano.a(lib_a-strcpy.o)
                0x08009738                strcpy
 .text.strncmp  0x08009748       0x22 c:/program files (x86)/atollic/truestudio for stm32 9.3.0/armtools/bin/../lib/gcc/arm-atollic-eabi/6.3.1/../../../../arm-atollic-eabi/lib/armv6-m\libc_nano.a(lib_a-strncmp.o)
                0x08009748                strncmp
 .text._strtoul_l.isra.0
                0x0800976a      0x10e c:/program files (x86)/atollic/truestudio for stm32 9.3.0/armtools/bin/../lib/gcc/arm-atollic-eabi/6.3.1/../../../../arm-atollic-eabi/lib/armv6-m\libc_nano.a(lib_a-strtoul.o)
 .text._strtoul_r
                0x08009878       0x20 c:/program files (x86)/atollic/truestudio for stm32 9.3.0/armtools/bin/../lib/gcc/arm-atollic-eabi/6.3.1/../../../../arm-atollic-eabi/lib/armv6-m\libc_nano.a(lib_a-strtoul.o)
                0x08009878                _strtoul_r
 .text.strtoul  0x08009898       0x28 c:/program files (x86)/atollic/truestudio for stm32 9.3.0/armtools/bin/../lib/gcc/arm-atollic-eabi/6.3.1/../../../../arm-atollic-eabi/lib/armv6-m\libc_nano.a(lib_a-strtoul.o)
                0x08009898                strtoul
 .text.__env_lock
                0x080098c0        0x2 c:/program files (x86)/atollic/truestudio for stm32 9.3.0/armtools/bin/../lib/gcc/arm-atollic-eabi/6.3.1/../../../../arm-atollic-eabi/lib/armv6-m\libc_nano.a(lib_a-envlock.o)
                0x080098c0                __env_lock
 .text.__env_unlock
                0x080098c2        0x2 c:/program files (x86)/atollic/truestudio for stm32 9.3.0/armtools/bin/../lib/gcc/arm-atollic-eabi/6.3.1/../../../../arm-atollic-eabi/lib/armv6-m\libc_nano.a(lib_a-envlock.o)
                0x080098c2                __env_unlock
 .text.__locale_ctype_ptr_l
                0x080098c4        0x6 c:/program files (x86)/atollic/truestudio for stm32 9.3.0/armtools/bin/../lib/gcc/arm-atollic-eabi/6.3.1/../../../../arm-atollic-eabi/lib/armv6-m\libc_nano.a(lib_a-locale.o)
                0x080098c4                __locale_ctype_ptr_l
 *fill*         0x080098ca        0x2 
 .text.__locale_ctype_ptr
                0x080098cc       0x1c c:/program files (x86)/atollic/truestudio for stm32 9.3.0/armtools/bin/../lib/gcc/arm-atollic-eabi/6.3.1/../../../../arm-atollic-eabi/lib/armv6-m\libc_nano.a(lib_a-locale.o)
                0x080098cc                __locale_ctype_ptr
 .text.__ascii_mbtowc
                0x080098e8       0x24 c:/program files (x86)/atollic/truestudio for stm32 9.3.0/armtools/bin/../lib/gcc/arm-atollic-eabi/6.3.1/../../../../arm-atollic-eabi/lib/armv6-m\libc_nano.a(lib_a-mbtowc_r.o)
                0x080098e8                __ascii_mbtowc
 .text.memchr   0x0800990c       0x16 c:/program files (x86)/atollic/truestudio for stm32 9.3.0/armtools/bin/../lib/gcc/arm-atollic-eabi/6.3.1/../../../../arm-atollic-eabi/lib/armv6-m\libc_nano.a(lib_a-memchr-stub.o)
                0x0800990c                memchr
 .text.memmove  0x08009922       0x24 c:/program files (x86)/atollic/truestudio for stm32 9.3.0/armtools/bin/../lib/gcc/arm-atollic-eabi/6.3.1/../../../../arm-atollic-eabi/lib/armv6-m\libc_nano.a(lib_a-memmove.o)
                0x08009922                memmove
 .text._realloc_r
                0x08009946       0x4c c:/program files (x86)/atollic/truestudio for stm32 9.3.0/armtools/bin/../lib/gcc/arm-atollic-eabi/6.3.1/../../../../arm-atollic-eabi/lib/armv6-m\libc_nano.a(lib_a-nano-reallocr.o)
                0x08009946                _realloc_r
 .text._sungetc_r
                0x08009992       0x78 c:/program files (x86)/atollic/truestudio for stm32 9.3.0/armtools/bin/../lib/gcc/arm-atollic-eabi/6.3.1/../../../../arm-atollic-eabi/lib/armv6-m\libc_nano.a(lib_a-nano-svfscanf.o)
                0x08009992                _sungetc_r
 .text.__ssrefill_r
                0x08009a0a       0x3e c:/program files (x86)/atollic/truestudio for stm32 9.3.0/armtools/bin/../lib/gcc/arm-atollic-eabi/6.3.1/../../../../arm-atollic-eabi/lib/armv6-m\libc_nano.a(lib_a-nano-svfscanf.o)
                0x08009a0a                __ssrefill_r
 .text.__ssvfscanf_r
                0x08009a48      0x30c c:/program files (x86)/atollic/truestudio for stm32 9.3.0/armtools/bin/../lib/gcc/arm-atollic-eabi/6.3.1/../../../../arm-atollic-eabi/lib/armv6-m\libc_nano.a(lib_a-nano-svfscanf.o)
                0x08009a48                __ssvfiscanf_r
                0x08009a48                __ssvfscanf_r
 .text._scanf_chars
                0x08009d54       0xc8 c:/program files (x86)/atollic/truestudio for stm32 9.3.0/armtools/bin/../lib/gcc/arm-atollic-eabi/6.3.1/../../../../arm-atollic-eabi/lib/armv6-m\libc_nano.a(lib_a-nano-vfscanf_i.o)
                0x08009d54                _scanf_chars
 .text._scanf_i
                0x08009e1c      0x200 c:/program files (x86)/atollic/truestudio for stm32 9.3.0/armtools/bin/../lib/gcc/arm-atollic-eabi/6.3.1/../../../../arm-atollic-eabi/lib/armv6-m\libc_nano.a(lib_a-nano-vfscanf_i.o)
                0x08009e1c                _scanf_i
 .text.__sccl   0x0800a01c       0x62 c:/program files (x86)/atollic/truestudio for stm32 9.3.0/armtools/bin/../lib/gcc/arm-atollic-eabi/6.3.1/../../../../arm-atollic-eabi/lib/armv6-m\libc_nano.a(lib_a-sccl.o)
                0x0800a01c                __sccl
 *fill*         0x0800a07e        0x2 
 .text._strtol_l.isra.0
                0x0800a080      0x10c c:/program files (x86)/atollic/truestudio for stm32 9.3.0/armtools/bin/../lib/gcc/arm-atollic-eabi/6.3.1/../../../../arm-atollic-eabi/lib/armv6-m\libc_nano.a(lib_a-strtol.o)
 .text._strtol_r
                0x0800a18c       0x20 c:/program files (x86)/atollic/truestudio for stm32 9.3.0/armtools/bin/../lib/gcc/arm-atollic-eabi/6.3.1/../../../../arm-atollic-eabi/lib/armv6-m\libc_nano.a(lib_a-strtol.o)
                0x0800a18c                _strtol_r
 .text.__submore
                0x0800a1ac       0x7c c:/program files (x86)/atollic/truestudio for stm32 9.3.0/armtools/bin/../lib/gcc/arm-atollic-eabi/6.3.1/../../../../arm-atollic-eabi/lib/armv6-m\libc_nano.a(lib_a-ungetc.o)
                0x0800a1ac                __submore
 .text.__ascii_wctomb
                0x0800a228       0x18 c:/program files (x86)/atollic/truestudio for stm32 9.3.0/armtools/bin/../lib/gcc/arm-atollic-eabi/6.3.1/../../../../arm-atollic-eabi/lib/armv6-m\libc_nano.a(lib_a-wctomb_r.o)
                0x0800a228                __ascii_wctomb
 .text._malloc_usable_size_r
                0x0800a240       0x10 c:/program files (x86)/atollic/truestudio for stm32 9.3.0/armtools/bin/../lib/gcc/arm-atollic-eabi/6.3.1/../../../../arm-atollic-eabi/lib/armv6-m\libc_nano.a(lib_a-nano-msizer.o)
                0x0800a240                _malloc_usable_size_r
 .text.round    0x0800a250       0x8c c:/program files (x86)/atollic/truestudio for stm32 9.3.0/armtools/bin/../lib/gcc/arm-atollic-eabi/6.3.1/../../../../arm-atollic-eabi/lib/armv6-m\libm.a(lib_a-s_round.o)
                0x0800a250                round
 *(.glue_7)
 .glue_7        0x0800a2dc        0x0 linker stubs
 *(.glue_7t)
 .glue_7t       0x0800a2dc        0x0 linker stubs
 *(.eh_frame)
 .eh_frame      0x0800a2dc        0x0 c:/program files (x86)/atollic/truestudio for stm32 9.3.0/armtools/bin/../lib/gcc/arm-atollic-eabi/6.3.1/armv6-m/crtbegin.o
 *(.init)
 .init          0x0800a2dc        0x4 c:/program files (x86)/atollic/truestudio for stm32 9.3.0/armtools/bin/../lib/gcc/arm-atollic-eabi/6.3.1/armv6-m/crti.o
                0x0800a2dc                _init
 .init          0x0800a2e0        0x8 c:/program files (x86)/atollic/truestudio for stm32 9.3.0/armtools/bin/../lib/gcc/arm-atollic-eabi/6.3.1/armv6-m/crtn.o
 *(.fini)
 .fini          0x0800a2e8        0x4 c:/program files (x86)/atollic/truestudio for stm32 9.3.0/armtools/bin/../lib/gcc/arm-atollic-eabi/6.3.1/armv6-m/crti.o
                0x0800a2e8                _fini
 .fini          0x0800a2ec        0x8 c:/program files (x86)/atollic/truestudio for stm32 9.3.0/armtools/bin/../lib/gcc/arm-atollic-eabi/6.3.1/armv6-m/crtn.o
                0x0800a2f4                . = ALIGN (0x4)
                0x0800a2f4                _etext = .

.vfp11_veneer   0x0800a2f4        0x0
 .vfp11_veneer  0x0800a2f4        0x0 linker stubs

.v4_bx          0x0800a2f4        0x0
 .v4_bx         0x0800a2f4        0x0 linker stubs

.iplt           0x0800a2f4        0x0
 .iplt          0x0800a2f4        0x0 c:/program files (x86)/atollic/truestudio for stm32 9.3.0/armtools/bin/../lib/gcc/arm-atollic-eabi/6.3.1/armv6-m/crtbegin.o

.rodata         0x0800a2f4      0x4b8
                0x0800a2f4                . = ALIGN (0x4)
 *(.rodata)
 .rodata        0x0800a2f4        0xc c:/program files (x86)/atollic/truestudio for stm32 9.3.0/armtools/bin/../lib/gcc/arm-atollic-eabi/6.3.1/../../../../arm-atollic-eabi/lib/armv6-m\libc_nano.a(lib_a-nano-vfscanf_i.o)
 .rodata        0x0800a300       0x40 c:/program files (x86)/atollic/truestudio for stm32 9.3.0/armtools/bin/../lib/gcc/arm-atollic-eabi/6.3.1/armv6-m\libgcc.a(mulsf3.o)
 .rodata        0x0800a340       0x40 c:/program files (x86)/atollic/truestudio for stm32 9.3.0/armtools/bin/../lib/gcc/arm-atollic-eabi/6.3.1/armv6-m\libgcc.a(divdf3.o)
 .rodata        0x0800a380       0x40 c:/program files (x86)/atollic/truestudio for stm32 9.3.0/armtools/bin/../lib/gcc/arm-atollic-eabi/6.3.1/armv6-m\libgcc.a(muldf3.o)
 *(.rodata*)
 .rodata.CSWTCH.55
                0x0800a3c0        0x4 Drivers\STM32L0xx_HAL_Driver\Src\stm32l0xx_hal_uart.o
 .rodata.CSWTCH.56
                0x0800a3c4        0xd Drivers\STM32L0xx_HAL_Driver\Src\stm32l0xx_hal_uart.o
 .rodata.errStr
                0x0800a3d1        0x9 Src\main.o
                0x0800a3d1                errStr
 .rodata.lcdTest
                0x0800a3da        0x9 Src\main.o
                0x0800a3da                lcdTest
 .rodata.main.str1.1
                0x0800a3e3       0x78 Src\main.o
 *fill*         0x0800a45b        0x1 
 .rodata.measurementTable
                0x0800a45c        0xe Src\main.o
                0x0800a45c                measurementTable
 .rodata.str1.1
                0x0800a46a       0x24 Src\main.o
                                 0x34 (size before relaxing)
 .rodata.AHBPrescTable
                0x0800a48e       0x10 Src\system_stm32l0xx.o
                0x0800a48e                AHBPrescTable
 .rodata.APBPrescTable
                0x0800a49e        0x8 Src\system_stm32l0xx.o
                0x0800a49e                APBPrescTable
 .rodata.PLLMulTable
                0x0800a4a6        0x9 Src\system_stm32l0xx.o
                0x0800a4a6                PLLMulTable
 .rodata.child_pipe
                0x0800a4af        0x6 myDrivers\Src\RF24.o
                0x0800a4af                child_pipe
 .rodata.child_pipe_enable
                0x0800a4b5        0x6 myDrivers\Src\RF24.o
 .rodata.asciiToSeg
                0x0800a4bb       0x3b myDrivers\Src\glassLCD.o
 *fill*         0x0800a4f6        0x2 
 .rodata.DAYS_IN_MONTH
                0x0800a4f8       0x30 c:/program files (x86)/atollic/truestudio for stm32 9.3.0/armtools/bin/../lib/gcc/arm-atollic-eabi/6.3.1/../../../../arm-atollic-eabi/lib/armv6-m\libc_nano.a(lib_a-mktime.o)
 .rodata._DAYS_BEFORE_MONTH
                0x0800a528       0x30 c:/program files (x86)/atollic/truestudio for stm32 9.3.0/armtools/bin/../lib/gcc/arm-atollic-eabi/6.3.1/../../../../arm-atollic-eabi/lib/armv6-m\libc_nano.a(lib_a-mktime.o)
 .rodata.__month_lengths
                0x0800a558       0x60 c:/program files (x86)/atollic/truestudio for stm32 9.3.0/armtools/bin/../lib/gcc/arm-atollic-eabi/6.3.1/../../../../arm-atollic-eabi/lib/armv6-m\libc_nano.a(lib_a-month_lengths.o)
                0x0800a558                __month_lengths
 .rodata._tzset_unlocked_r.str1.1
                0x0800a5b8       0x3c c:/program files (x86)/atollic/truestudio for stm32 9.3.0/armtools/bin/../lib/gcc/arm-atollic-eabi/6.3.1/../../../../arm-atollic-eabi/lib/armv6-m\libc_nano.a(lib_a-tzset_r.o)
                                 0x4e (size before relaxing)
 .rodata.str1.1
                0x0800a5f4        0x4 c:/program files (x86)/atollic/truestudio for stm32 9.3.0/armtools/bin/../lib/gcc/arm-atollic-eabi/6.3.1/../../../../arm-atollic-eabi/lib/armv6-m\libc_nano.a(lib_a-tzvars.o)
 .rodata._svfprintf_r.str1.1
                0x0800a5f4       0x11 c:/program files (x86)/atollic/truestudio for stm32 9.3.0/armtools/bin/../lib/gcc/arm-atollic-eabi/6.3.1/../../../../arm-atollic-eabi/lib/armv6-m\libc_nano.a(lib_a-nano-svfprintf.o)
 .rodata._printf_i.str1.1
                0x0800a605       0x22 c:/program files (x86)/atollic/truestudio for stm32 9.3.0/armtools/bin/../lib/gcc/arm-atollic-eabi/6.3.1/../../../../arm-atollic-eabi/lib/armv6-m\libc_nano.a(lib_a-nano-vfprintf_i.o)
 .rodata._setlocale_r.str1.1
                0x0800a627        0x6 c:/program files (x86)/atollic/truestudio for stm32 9.3.0/armtools/bin/../lib/gcc/arm-atollic-eabi/6.3.1/../../../../arm-atollic-eabi/lib/armv6-m\libc_nano.a(lib_a-locale.o)
                                  0x9 (size before relaxing)
 .rodata.str1.1
                0x0800a62d        0x2 c:/program files (x86)/atollic/truestudio for stm32 9.3.0/armtools/bin/../lib/gcc/arm-atollic-eabi/6.3.1/../../../../arm-atollic-eabi/lib/armv6-m\libc_nano.a(lib_a-locale.o)
 .rodata.__ssvfscanf_r.str1.1
                0x0800a62f        0x4 c:/program files (x86)/atollic/truestudio for stm32 9.3.0/armtools/bin/../lib/gcc/arm-atollic-eabi/6.3.1/../../../../arm-atollic-eabi/lib/armv6-m\libc_nano.a(lib_a-nano-svfscanf.o)
 .rodata._scanf_i.str1.1
                0x0800a62f       0x12 c:/program files (x86)/atollic/truestudio for stm32 9.3.0/armtools/bin/../lib/gcc/arm-atollic-eabi/6.3.1/../../../../arm-atollic-eabi/lib/armv6-m\libc_nano.a(lib_a-nano-vfscanf_i.o)
 .rodata.str1.1
                0x0800a641        0x9 c:/program files (x86)/atollic/truestudio for stm32 9.3.0/armtools/bin/../lib/gcc/arm-atollic-eabi/6.3.1/../../../../arm-atollic-eabi/lib/armv6-m\libc_nano.a(lib_a-nano-vfscanf_i.o)
 .rodata._ctype_
                0x0800a64a      0x101 c:/program files (x86)/atollic/truestudio for stm32 9.3.0/armtools/bin/../lib/gcc/arm-atollic-eabi/6.3.1/../../../../arm-atollic-eabi/lib/armv6-m\libc_nano.a(lib_a-ctype_.o)
                0x0800a64a                _ctype_
 *fill*         0x0800a74b        0x1 
 .rodata.__sf_fake_stderr
                0x0800a74c       0x20 c:/program files (x86)/atollic/truestudio for stm32 9.3.0/armtools/bin/../lib/gcc/arm-atollic-eabi/6.3.1/../../../../arm-atollic-eabi/lib/armv6-m\libc_nano.a(lib_a-findfp.o)
                0x0800a74c                __sf_fake_stderr
 .rodata.__sf_fake_stdin
                0x0800a76c       0x20 c:/program files (x86)/atollic/truestudio for stm32 9.3.0/armtools/bin/../lib/gcc/arm-atollic-eabi/6.3.1/../../../../arm-atollic-eabi/lib/armv6-m\libc_nano.a(lib_a-findfp.o)
                0x0800a76c                __sf_fake_stdin
 .rodata.__sf_fake_stdout
                0x0800a78c       0x20 c:/program files (x86)/atollic/truestudio for stm32 9.3.0/armtools/bin/../lib/gcc/arm-atollic-eabi/6.3.1/../../../../arm-atollic-eabi/lib/armv6-m\libc_nano.a(lib_a-findfp.o)
                0x0800a78c                __sf_fake_stdout
                0x0800a7ac                . = ALIGN (0x4)

.ARM.extab
 *(.ARM.extab* .gnu.linkonce.armextab.*)

.ARM            0x0800a7ac        0x8
                0x0800a7ac                __exidx_start = .
 *(.ARM.exidx*)
 .ARM.exidx     0x0800a7ac        0x8 c:/program files (x86)/atollic/truestudio for stm32 9.3.0/armtools/bin/../lib/gcc/arm-atollic-eabi/6.3.1/armv6-m\libgcc.a(_udivmoddi4.o)
                0x0800a7b4                __exidx_end = .

.rel.dyn        0x0800a7b4        0x0
 .rel.iplt      0x0800a7b4        0x0 c:/program files (x86)/atollic/truestudio for stm32 9.3.0/armtools/bin/../lib/gcc/arm-atollic-eabi/6.3.1/armv6-m/crtbegin.o

.preinit_array  0x0800a7b4        0x0
                0x0800a7b4                PROVIDE (__preinit_array_start, .)
 *(.preinit_array*)
                0x0800a7b4                PROVIDE (__preinit_array_end, .)

.init_array     0x0800a7b4        0x4
                0x0800a7b4                PROVIDE (__init_array_start, .)
 *(SORT(.init_array.*))
 *(.init_array*)
 .init_array    0x0800a7b4        0x4 c:/program files (x86)/atollic/truestudio for stm32 9.3.0/armtools/bin/../lib/gcc/arm-atollic-eabi/6.3.1/armv6-m/crtbegin.o
                0x0800a7b8                PROVIDE (__init_array_end, .)

.fini_array     0x0800a7b8        0x4
                [!provide]                PROVIDE (__fini_array_start, .)
 *(SORT(.fini_array.*))
 *(.fini_array*)
 .fini_array    0x0800a7b8        0x4 c:/program files (x86)/atollic/truestudio for stm32 9.3.0/armtools/bin/../lib/gcc/arm-atollic-eabi/6.3.1/armv6-m/crtbegin.o
                [!provide]                PROVIDE (__fini_array_end, .)
                0x0800a7bc                _sidata = LOADADDR (.data)

.data           0x20000000      0x288 load address 0x0800a7bc
                0x20000000                . = ALIGN (0x4)
                0x20000000                _sdata = .
 *(.data)
 *(.data*)
 .data.uwTickFreq
                0x20000000        0x1 Drivers\STM32L0xx_HAL_Driver\Src\stm32l0xx_hal.o
                0x20000000                uwTickFreq
 *fill*         0x20000001        0x3 
 .data.uwTickPrio
                0x20000004        0x4 Drivers\STM32L0xx_HAL_Driver\Src\stm32l0xx_hal.o
                0x20000004                uwTickPrio
 .data.syncStruct
                0x20000008       0x10 Src\main.o
                0x20000008                syncStruct
 .data.windStr  0x20000018       0x40 Src\main.o
                0x20000018                windStr
 .data.environ  0x20000058        0x4 Src\syscalls.o
                0x20000058                environ
 .data.SystemCoreClock
                0x2000005c        0x4 Src\system_stm32l0xx.o
                0x2000005c                SystemCoreClock
 .data.addr     0x20000060       0x10 myDrivers\Src\communication.o
                0x20000060                addr
 .data._impure_ptr
                0x20000070        0x4 c:/program files (x86)/atollic/truestudio for stm32 9.3.0/armtools/bin/../lib/gcc/arm-atollic-eabi/6.3.1/../../../../arm-atollic-eabi/lib/armv6-m\libc_nano.a(lib_a-impure.o)
                0x20000070                _impure_ptr
 .data.impure_data
                0x20000074       0x60 c:/program files (x86)/atollic/truestudio for stm32 9.3.0/armtools/bin/../lib/gcc/arm-atollic-eabi/6.3.1/../../../../arm-atollic-eabi/lib/armv6-m\libc_nano.a(lib_a-impure.o)
 .data._tzname  0x200000d4        0x8 c:/program files (x86)/atollic/truestudio for stm32 9.3.0/armtools/bin/../lib/gcc/arm-atollic-eabi/6.3.1/../../../../arm-atollic-eabi/lib/armv6-m\libc_nano.a(lib_a-tzvars.o)
                0x200000d4                _tzname
 .data.tzinfo   0x200000dc       0x40 c:/program files (x86)/atollic/truestudio for stm32 9.3.0/armtools/bin/../lib/gcc/arm-atollic-eabi/6.3.1/../../../../arm-atollic-eabi/lib/armv6-m\libc_nano.a(lib_a-gettzinfo.o)
 .data.__global_locale
                0x2000011c      0x16c c:/program files (x86)/atollic/truestudio for stm32 9.3.0/armtools/bin/../lib/gcc/arm-atollic-eabi/6.3.1/../../../../arm-atollic-eabi/lib/armv6-m\libc_nano.a(lib_a-locale.o)
                0x2000011c                __global_locale
                0x20000288                . = ALIGN (0x4)
                0x20000288                _edata = .

.igot.plt       0x20000288        0x0 load address 0x0800aa44
 .igot.plt      0x20000288        0x0 c:/program files (x86)/atollic/truestudio for stm32 9.3.0/armtools/bin/../lib/gcc/arm-atollic-eabi/6.3.1/armv6-m/crtbegin.o
                0x20000288                . = ALIGN (0x4)

.bss            0x20000288      0x390 load address 0x0800aa44
                0x20000288                _sbss = .
                0x20000288                __bss_start__ = _sbss
 *(.bss)
 .bss           0x20000288       0x1c c:/program files (x86)/atollic/truestudio for stm32 9.3.0/armtools/bin/../lib/gcc/arm-atollic-eabi/6.3.1/armv6-m/crtbegin.o
 *(.bss*)
 .bss.alarmInterruptFlag
                0x200002a4        0x1 Src\main.o
                0x200002a4                alarmInterruptFlag
 .bss.firstTimeSync
                0x200002a5        0x1 Src\main.o
                0x200002a5                firstTimeSync
 *fill*         0x200002a6        0x2 
 .bss.interruptButton
                0x200002a8        0x4 Src\main.o
                0x200002a8                interruptButton
 .bss.windDirCalibration
                0x200002ac        0x2 Src\main.o
                0x200002ac                windDirCalibration
 *fill*         0x200002ae        0x2 
 .bss.__env     0x200002b0        0x4 Src\syscalls.o
                0x200002b0                __env
 .bss.heap_end.5887
                0x200002b4        0x4 Src\syscalls.o
 .bss.c5        0x200002b8        0x8 myDrivers\Src\BMP180.o
 .bss.c6        0x200002c0        0x8 myDrivers\Src\BMP180.o
 .bss.mc        0x200002c8        0x8 myDrivers\Src\BMP180.o
 .bss.md        0x200002d0        0x8 myDrivers\Src\BMP180.o
 .bss.p0        0x200002d8        0x8 myDrivers\Src\BMP180.o
 .bss.p1        0x200002e0        0x8 myDrivers\Src\BMP180.o
 .bss.p2        0x200002e8        0x8 myDrivers\Src\BMP180.o
 .bss.xx0       0x200002f0        0x8 myDrivers\Src\BMP180.o
 .bss.xx1       0x200002f8        0x8 myDrivers\Src\BMP180.o
 .bss.xx2       0x20000300        0x8 myDrivers\Src\BMP180.o
 .bss.yy0       0x20000308        0x8 myDrivers\Src\BMP180.o
 .bss.yy1       0x20000310        0x8 myDrivers\Src\BMP180.o
 .bss.yy2       0x20000318        0x8 myDrivers\Src\BMP180.o
 .bss._dots     0x20000320        0x1 myDrivers\Src\glassLCD.o
 .bss._lcdTemp  0x20000321        0x9 myDrivers\Src\glassLCD.o
 *fill*         0x2000032a        0x2 
 .bss.__malloc_free_list
                0x2000032c        0x4 c:/program files (x86)/atollic/truestudio for stm32 9.3.0/armtools/bin/../lib/gcc/arm-atollic-eabi/6.3.1/../../../../arm-atollic-eabi/lib/armv6-m\libc_nano.a(lib_a-nano-mallocr.o)
                0x2000032c                __malloc_free_list
 .bss.__malloc_sbrk_start
                0x20000330        0x4 c:/program files (x86)/atollic/truestudio for stm32 9.3.0/armtools/bin/../lib/gcc/arm-atollic-eabi/6.3.1/../../../../arm-atollic-eabi/lib/armv6-m\libc_nano.a(lib_a-nano-mallocr.o)
                0x20000330                __malloc_sbrk_start
 .bss.__tzname_dst
                0x20000334        0xb c:/program files (x86)/atollic/truestudio for stm32 9.3.0/armtools/bin/../lib/gcc/arm-atollic-eabi/6.3.1/../../../../arm-atollic-eabi/lib/armv6-m\libc_nano.a(lib_a-tzset_r.o)
 .bss.__tzname_std
                0x2000033f        0xb c:/program files (x86)/atollic/truestudio for stm32 9.3.0/armtools/bin/../lib/gcc/arm-atollic-eabi/6.3.1/../../../../arm-atollic-eabi/lib/armv6-m\libc_nano.a(lib_a-tzset_r.o)
 *fill*         0x2000034a        0x2 
 .bss.prev_tzenv
                0x2000034c        0x4 c:/program files (x86)/atollic/truestudio for stm32 9.3.0/armtools/bin/../lib/gcc/arm-atollic-eabi/6.3.1/../../../../arm-atollic-eabi/lib/armv6-m\libc_nano.a(lib_a-tzset_r.o)
 .bss._daylight
                0x20000350        0x4 c:/program files (x86)/atollic/truestudio for stm32 9.3.0/armtools/bin/../lib/gcc/arm-atollic-eabi/6.3.1/../../../../arm-atollic-eabi/lib/armv6-m\libc_nano.a(lib_a-tzvars.o)
                0x20000350                _daylight
 .bss._timezone
                0x20000354        0x4 c:/program files (x86)/atollic/truestudio for stm32 9.3.0/armtools/bin/../lib/gcc/arm-atollic-eabi/6.3.1/../../../../arm-atollic-eabi/lib/armv6-m\libc_nano.a(lib_a-tzvars.o)
                0x20000354                _timezone
 *(COMMON)
 COMMON         0x20000358        0x4 Drivers\STM32L0xx_HAL_Driver\Src\stm32l0xx_hal.o
                0x20000358                uwTick
 *fill*         0x2000035c        0x4 
 COMMON         0x20000360      0x2b1 Src\main.o
                0x20000360                addr_width
                0x20000361                lcdTemp
                0x20000375                dynamic_payloads_enabled
                0x20000378                hi2c1
                0x200003c4                RF24_failureDetected
                0x200003c8                ce_port
                0x200003cc                ack_payloads_enabled
                0x200003d0                currentWeatherData
                0x20000410                csn_pin
                0x20000418                weatherData
                0x20000458                hrtc
                0x2000047c                htim6
                0x200004b8                sendInterval
                0x200004bc                pipe0_reading_address
                0x200004c2                ce_pin
                0x200004c4                config_reg
                0x200004c8                txDelay
                0x200004cc                hspi1
                0x20000524                csDelay
                0x20000528                csn_port
                0x2000052c                _is_p_variant
                0x20000530                huart2
                0x200005b0                payload_size
                0x200005b4                hadc
                0x20000610                status
 *fill*         0x20000611        0x3 
 COMMON         0x20000614        0x4 c:/program files (x86)/atollic/truestudio for stm32 9.3.0/armtools/bin/../lib/gcc/arm-atollic-eabi/6.3.1/../../../../arm-atollic-eabi/lib/armv6-m\libc_nano.a(lib_a-reent.o)
                0x20000614                errno
                0x20000618                . = ALIGN (0x4)
                0x20000618                _ebss = .
                0x20000618                __bss_end__ = _ebss

._user_heap_stack
                0x20000618      0x600 load address 0x0800aa44
                0x20000618                . = ALIGN (0x4)
                0x20000618                PROVIDE (end, .)
                [!provide]                PROVIDE (_end, .)
                0x20000818                . = (. + _Min_Heap_Size)
 *fill*         0x20000618      0x200 
                0x20000c18                . = (. + _Min_Stack_Size)
 *fill*         0x20000818      0x400 
                0x20000c18                . = ALIGN (0x4)

/DISCARD/
 libc.a(*)
 libm.a(*)
 libgcc.a(*)

.ARM.attributes
                0x00000000       0x28
 *(.ARM.attributes)
 .ARM.attributes
                0x00000000       0x1e c:/program files (x86)/atollic/truestudio for stm32 9.3.0/armtools/bin/../lib/gcc/arm-atollic-eabi/6.3.1/armv6-m/crti.o
 .ARM.attributes
                0x0000001e       0x2c c:/program files (x86)/atollic/truestudio for stm32 9.3.0/armtools/bin/../lib/gcc/arm-atollic-eabi/6.3.1/armv6-m/crtbegin.o
 .ARM.attributes
                0x0000004a       0x32 Drivers\STM32L0xx_HAL_Driver\Src\stm32l0xx_hal.o
 .ARM.attributes
                0x0000007c       0x32 Drivers\STM32L0xx_HAL_Driver\Src\stm32l0xx_hal_adc.o
 .ARM.attributes
                0x000000ae       0x32 Drivers\STM32L0xx_HAL_Driver\Src\stm32l0xx_hal_adc_ex.o
 .ARM.attributes
                0x000000e0       0x32 Drivers\STM32L0xx_HAL_Driver\Src\stm32l0xx_hal_cortex.o
 .ARM.attributes
                0x00000112       0x32 Drivers\STM32L0xx_HAL_Driver\Src\stm32l0xx_hal_gpio.o
 .ARM.attributes
                0x00000144       0x32 Drivers\STM32L0xx_HAL_Driver\Src\stm32l0xx_hal_i2c.o
 .ARM.attributes
                0x00000176       0x32 Drivers\STM32L0xx_HAL_Driver\Src\stm32l0xx_hal_i2c_ex.o
 .ARM.attributes
                0x000001a8       0x32 Drivers\STM32L0xx_HAL_Driver\Src\stm32l0xx_hal_pwr.o
 .ARM.attributes
                0x000001da       0x32 Drivers\STM32L0xx_HAL_Driver\Src\stm32l0xx_hal_pwr_ex.o
 .ARM.attributes
                0x0000020c       0x32 Drivers\STM32L0xx_HAL_Driver\Src\stm32l0xx_hal_rcc.o
 .ARM.attributes
                0x0000023e       0x32 Drivers\STM32L0xx_HAL_Driver\Src\stm32l0xx_hal_rcc_ex.o
 .ARM.attributes
                0x00000270       0x32 Drivers\STM32L0xx_HAL_Driver\Src\stm32l0xx_hal_rtc.o
 .ARM.attributes
                0x000002a2       0x32 Drivers\STM32L0xx_HAL_Driver\Src\stm32l0xx_hal_rtc_ex.o
 .ARM.attributes
                0x000002d4       0x32 Drivers\STM32L0xx_HAL_Driver\Src\stm32l0xx_hal_spi.o
 .ARM.attributes
                0x00000306       0x32 Drivers\STM32L0xx_HAL_Driver\Src\stm32l0xx_hal_tim.o
 .ARM.attributes
                0x00000338       0x32 Drivers\STM32L0xx_HAL_Driver\Src\stm32l0xx_hal_tim_ex.o
 .ARM.attributes
                0x0000036a       0x32 Drivers\STM32L0xx_HAL_Driver\Src\stm32l0xx_hal_uart.o
 .ARM.attributes
                0x0000039c       0x32 Src\main.o
 .ARM.attributes
                0x000003ce       0x32 Src\stm32l0xx_hal_msp.o
 .ARM.attributes
                0x00000400       0x32 Src\stm32l0xx_it.o
 .ARM.attributes
                0x00000432       0x32 Src\syscalls.o
 .ARM.attributes
                0x00000464       0x32 Src\system_stm32l0xx.o
 .ARM.attributes
                0x00000496       0x32 myDrivers\Src\BMP180.o
 .ARM.attributes
                0x000004c8       0x32 myDrivers\Src\RF24.o
 .ARM.attributes
                0x000004fa       0x32 myDrivers\Src\SHT21.o
 .ARM.attributes
                0x0000052c       0x32 myDrivers\Src\Si1147.o
 .ARM.attributes
                0x0000055e       0x32 myDrivers\Src\communication.o
 .ARM.attributes
                0x00000590       0x32 myDrivers\Src\glassLCD.o
 .ARM.attributes
                0x000005c2       0x32 myDrivers\Src\rtc.o
 .ARM.attributes
                0x000005f4       0x32 myDrivers\Src\sleep.o
 .ARM.attributes
                0x00000626       0x22 startup\startup_stm32l073xx.o
 .ARM.attributes
                0x00000648       0x2c c:/program files (x86)/atollic/truestudio for stm32 9.3.0/armtools/bin/../lib/gcc/arm-atollic-eabi/6.3.1/../../../../arm-atollic-eabi/lib/armv6-m\libc_nano.a(lib_a-errno.o)
 .ARM.attributes
                0x00000674       0x2c c:/program files (x86)/atollic/truestudio for stm32 9.3.0/armtools/bin/../lib/gcc/arm-atollic-eabi/6.3.1/../../../../arm-atollic-eabi/lib/armv6-m\libc_nano.a(lib_a-impure.o)
 .ARM.attributes
                0x000006a0       0x2c c:/program files (x86)/atollic/truestudio for stm32 9.3.0/armtools/bin/../lib/gcc/arm-atollic-eabi/6.3.1/../../../../arm-atollic-eabi/lib/armv6-m\libc_nano.a(lib_a-init.o)
 .ARM.attributes
                0x000006cc       0x2c c:/program files (x86)/atollic/truestudio for stm32 9.3.0/armtools/bin/../lib/gcc/arm-atollic-eabi/6.3.1/../../../../arm-atollic-eabi/lib/armv6-m\libc_nano.a(lib_a-lcltime.o)
 .ARM.attributes
                0x000006f8       0x2c c:/program files (x86)/atollic/truestudio for stm32 9.3.0/armtools/bin/../lib/gcc/arm-atollic-eabi/6.3.1/../../../../arm-atollic-eabi/lib/armv6-m\libc_nano.a(lib_a-lcltime_r.o)
 .ARM.attributes
                0x00000724       0x2c c:/program files (x86)/atollic/truestudio for stm32 9.3.0/armtools/bin/../lib/gcc/arm-atollic-eabi/6.3.1/../../../../arm-atollic-eabi/lib/armv6-m\libc_nano.a(lib_a-malloc.o)
 .ARM.attributes
                0x00000750       0x2c c:/program files (x86)/atollic/truestudio for stm32 9.3.0/armtools/bin/../lib/gcc/arm-atollic-eabi/6.3.1/../../../../arm-atollic-eabi/lib/armv6-m\libc_nano.a(lib_a-memcpy-stub.o)
 .ARM.attributes
                0x0000077c       0x2c c:/program files (x86)/atollic/truestudio for stm32 9.3.0/armtools/bin/../lib/gcc/arm-atollic-eabi/6.3.1/../../../../arm-atollic-eabi/lib/armv6-m\libc_nano.a(lib_a-memset.o)
 .ARM.attributes
                0x000007a8       0x2c c:/program files (x86)/atollic/truestudio for stm32 9.3.0/armtools/bin/../lib/gcc/arm-atollic-eabi/6.3.1/../../../../arm-atollic-eabi/lib/armv6-m\libc_nano.a(lib_a-mktime.o)
 .ARM.attributes
                0x000007d4       0x2c c:/program files (x86)/atollic/truestudio for stm32 9.3.0/armtools/bin/../lib/gcc/arm-atollic-eabi/6.3.1/../../../../arm-atollic-eabi/lib/armv6-m\libc_nano.a(lib_a-month_lengths.o)
 .ARM.attributes
                0x00000800       0x2c c:/program files (x86)/atollic/truestudio for stm32 9.3.0/armtools/bin/../lib/gcc/arm-atollic-eabi/6.3.1/../../../../arm-atollic-eabi/lib/armv6-m\libc_nano.a(lib_a-nano-freer.o)
 .ARM.attributes
                0x0000082c       0x2c c:/program files (x86)/atollic/truestudio for stm32 9.3.0/armtools/bin/../lib/gcc/arm-atollic-eabi/6.3.1/../../../../arm-atollic-eabi/lib/armv6-m\libc_nano.a(lib_a-nano-mallocr.o)
 .ARM.attributes
                0x00000858       0x2c c:/program files (x86)/atollic/truestudio for stm32 9.3.0/armtools/bin/../lib/gcc/arm-atollic-eabi/6.3.1/../../../../arm-atollic-eabi/lib/armv6-m\libc_nano.a(lib_a-sbrkr.o)
 .ARM.attributes
                0x00000884       0x2c c:/program files (x86)/atollic/truestudio for stm32 9.3.0/armtools/bin/../lib/gcc/arm-atollic-eabi/6.3.1/../../../../arm-atollic-eabi/lib/armv6-m\libc_nano.a(lib_a-sprintf.o)
 .ARM.attributes
                0x000008b0       0x1c c:/program files (x86)/atollic/truestudio for stm32 9.3.0/armtools/bin/../lib/gcc/arm-atollic-eabi/6.3.1/../../../../arm-atollic-eabi/lib/armv6-m\libc_nano.a(lib_a-strlen.o)
 .ARM.attributes
                0x000008cc       0x2c c:/program files (x86)/atollic/truestudio for stm32 9.3.0/armtools/bin/../lib/gcc/arm-atollic-eabi/6.3.1/../../../../arm-atollic-eabi/lib/armv6-m\libc_nano.a(lib_a-tzcalc_limits.o)
 .ARM.attributes
                0x000008f8       0x2c c:/program files (x86)/atollic/truestudio for stm32 9.3.0/armtools/bin/../lib/gcc/arm-atollic-eabi/6.3.1/../../../../arm-atollic-eabi/lib/armv6-m\libc_nano.a(lib_a-tzlock.o)
 .ARM.attributes
                0x00000924       0x2c c:/program files (x86)/atollic/truestudio for stm32 9.3.0/armtools/bin/../lib/gcc/arm-atollic-eabi/6.3.1/../../../../arm-atollic-eabi/lib/armv6-m\libc_nano.a(lib_a-tzset.o)
 .ARM.attributes
                0x00000950       0x2c c:/program files (x86)/atollic/truestudio for stm32 9.3.0/armtools/bin/../lib/gcc/arm-atollic-eabi/6.3.1/../../../../arm-atollic-eabi/lib/armv6-m\libc_nano.a(lib_a-tzset_r.o)
 .ARM.attributes
                0x0000097c       0x2c c:/program files (x86)/atollic/truestudio for stm32 9.3.0/armtools/bin/../lib/gcc/arm-atollic-eabi/6.3.1/../../../../arm-atollic-eabi/lib/armv6-m\libc_nano.a(lib_a-tzvars.o)
 .ARM.attributes
                0x000009a8       0x2c c:/program files (x86)/atollic/truestudio for stm32 9.3.0/armtools/bin/../lib/gcc/arm-atollic-eabi/6.3.1/../../../../arm-atollic-eabi/lib/armv6-m\libc_nano.a(lib_a-div.o)
 .ARM.attributes
                0x000009d4       0x2c c:/program files (x86)/atollic/truestudio for stm32 9.3.0/armtools/bin/../lib/gcc/arm-atollic-eabi/6.3.1/../../../../arm-atollic-eabi/lib/armv6-m\libc_nano.a(lib_a-getenv_r.o)
 .ARM.attributes
                0x00000a00       0x2c c:/program files (x86)/atollic/truestudio for stm32 9.3.0/armtools/bin/../lib/gcc/arm-atollic-eabi/6.3.1/../../../../arm-atollic-eabi/lib/armv6-m\libc_nano.a(lib_a-gettzinfo.o)
 .ARM.attributes
                0x00000a2c       0x2c c:/program files (x86)/atollic/truestudio for stm32 9.3.0/armtools/bin/../lib/gcc/arm-atollic-eabi/6.3.1/../../../../arm-atollic-eabi/lib/armv6-m\libc_nano.a(lib_a-gmtime_r.o)
 .ARM.attributes
                0x00000a58       0x2c c:/program files (x86)/atollic/truestudio for stm32 9.3.0/armtools/bin/../lib/gcc/arm-atollic-eabi/6.3.1/../../../../arm-atollic-eabi/lib/armv6-m\libc_nano.a(lib_a-mlock.o)
 .ARM.attributes
                0x00000a84       0x2c c:/program files (x86)/atollic/truestudio for stm32 9.3.0/armtools/bin/../lib/gcc/arm-atollic-eabi/6.3.1/../../../../arm-atollic-eabi/lib/armv6-m\libc_nano.a(lib_a-nano-svfprintf.o)
 .ARM.attributes
                0x00000ab0       0x2c c:/program files (x86)/atollic/truestudio for stm32 9.3.0/armtools/bin/../lib/gcc/arm-atollic-eabi/6.3.1/../../../../arm-atollic-eabi/lib/armv6-m\libc_nano.a(lib_a-nano-vfprintf_i.o)
 .ARM.attributes
                0x00000adc       0x2c c:/program files (x86)/atollic/truestudio for stm32 9.3.0/armtools/bin/../lib/gcc/arm-atollic-eabi/6.3.1/../../../../arm-atollic-eabi/lib/armv6-m\libc_nano.a(lib_a-reent.o)
 .ARM.attributes
                0x00000b08       0x2c c:/program files (x86)/atollic/truestudio for stm32 9.3.0/armtools/bin/../lib/gcc/arm-atollic-eabi/6.3.1/../../../../arm-atollic-eabi/lib/armv6-m\libc_nano.a(lib_a-sscanf.o)
 .ARM.attributes
                0x00000b34       0x2c c:/program files (x86)/atollic/truestudio for stm32 9.3.0/armtools/bin/../lib/gcc/arm-atollic-eabi/6.3.1/../../../../arm-atollic-eabi/lib/armv6-m\libc_nano.a(lib_a-stdio.o)
 .ARM.attributes
                0x00000b60       0x1c c:/program files (x86)/atollic/truestudio for stm32 9.3.0/armtools/bin/../lib/gcc/arm-atollic-eabi/6.3.1/../../../../arm-atollic-eabi/lib/armv6-m\libc_nano.a(lib_a-strcmp.o)
 .ARM.attributes
                0x00000b7c       0x2c c:/program files (x86)/atollic/truestudio for stm32 9.3.0/armtools/bin/../lib/gcc/arm-atollic-eabi/6.3.1/../../../../arm-atollic-eabi/lib/armv6-m\libc_nano.a(lib_a-strcpy.o)
 .ARM.attributes
                0x00000ba8       0x2c c:/program files (x86)/atollic/truestudio for stm32 9.3.0/armtools/bin/../lib/gcc/arm-atollic-eabi/6.3.1/../../../../arm-atollic-eabi/lib/armv6-m\libc_nano.a(lib_a-strncmp.o)
 .ARM.attributes
                0x00000bd4       0x2c c:/program files (x86)/atollic/truestudio for stm32 9.3.0/armtools/bin/../lib/gcc/arm-atollic-eabi/6.3.1/../../../../arm-atollic-eabi/lib/armv6-m\libc_nano.a(lib_a-strtoul.o)
 .ARM.attributes
                0x00000c00       0x2c c:/program files (x86)/atollic/truestudio for stm32 9.3.0/armtools/bin/../lib/gcc/arm-atollic-eabi/6.3.1/../../../../arm-atollic-eabi/lib/armv6-m\libc_nano.a(lib_a-envlock.o)
 .ARM.attributes
                0x00000c2c       0x2c c:/program files (x86)/atollic/truestudio for stm32 9.3.0/armtools/bin/../lib/gcc/arm-atollic-eabi/6.3.1/../../../../arm-atollic-eabi/lib/armv6-m\libc_nano.a(lib_a-locale.o)
 .ARM.attributes
                0x00000c58       0x2c c:/program files (x86)/atollic/truestudio for stm32 9.3.0/armtools/bin/../lib/gcc/arm-atollic-eabi/6.3.1/../../../../arm-atollic-eabi/lib/armv6-m\libc_nano.a(lib_a-mbtowc_r.o)
 .ARM.attributes
                0x00000c84       0x2c c:/program files (x86)/atollic/truestudio for stm32 9.3.0/armtools/bin/../lib/gcc/arm-atollic-eabi/6.3.1/../../../../arm-atollic-eabi/lib/armv6-m\libc_nano.a(lib_a-memchr-stub.o)
 .ARM.attributes
                0x00000cb0       0x2c c:/program files (x86)/atollic/truestudio for stm32 9.3.0/armtools/bin/../lib/gcc/arm-atollic-eabi/6.3.1/../../../../arm-atollic-eabi/lib/armv6-m\libc_nano.a(lib_a-memmove.o)
 .ARM.attributes
                0x00000cdc       0x2c c:/program files (x86)/atollic/truestudio for stm32 9.3.0/armtools/bin/../lib/gcc/arm-atollic-eabi/6.3.1/../../../../arm-atollic-eabi/lib/armv6-m\libc_nano.a(lib_a-nano-reallocr.o)
 .ARM.attributes
                0x00000d08       0x2c c:/program files (x86)/atollic/truestudio for stm32 9.3.0/armtools/bin/../lib/gcc/arm-atollic-eabi/6.3.1/../../../../arm-atollic-eabi/lib/armv6-m\libc_nano.a(lib_a-nano-svfscanf.o)
 .ARM.attributes
                0x00000d34       0x2c c:/program files (x86)/atollic/truestudio for stm32 9.3.0/armtools/bin/../lib/gcc/arm-atollic-eabi/6.3.1/../../../../arm-atollic-eabi/lib/armv6-m\libc_nano.a(lib_a-nano-vfscanf_i.o)
 .ARM.attributes
                0x00000d60       0x2c c:/program files (x86)/atollic/truestudio for stm32 9.3.0/armtools/bin/../lib/gcc/arm-atollic-eabi/6.3.1/../../../../arm-atollic-eabi/lib/armv6-m\libc_nano.a(lib_a-sccl.o)
 .ARM.attributes
                0x00000d8c       0x2c c:/program files (x86)/atollic/truestudio for stm32 9.3.0/armtools/bin/../lib/gcc/arm-atollic-eabi/6.3.1/../../../../arm-atollic-eabi/lib/armv6-m\libc_nano.a(lib_a-strtol.o)
 .ARM.attributes
                0x00000db8       0x2c c:/program files (x86)/atollic/truestudio for stm32 9.3.0/armtools/bin/../lib/gcc/arm-atollic-eabi/6.3.1/../../../../arm-atollic-eabi/lib/armv6-m\libc_nano.a(lib_a-ungetc.o)
 .ARM.attributes
                0x00000de4       0x2c c:/program files (x86)/atollic/truestudio for stm32 9.3.0/armtools/bin/../lib/gcc/arm-atollic-eabi/6.3.1/../../../../arm-atollic-eabi/lib/armv6-m\libc_nano.a(lib_a-wctomb_r.o)
 .ARM.attributes
                0x00000e10       0x2c c:/program files (x86)/atollic/truestudio for stm32 9.3.0/armtools/bin/../lib/gcc/arm-atollic-eabi/6.3.1/../../../../arm-atollic-eabi/lib/armv6-m\libc_nano.a(lib_a-ctype_.o)
 .ARM.attributes
                0x00000e3c       0x2c c:/program files (x86)/atollic/truestudio for stm32 9.3.0/armtools/bin/../lib/gcc/arm-atollic-eabi/6.3.1/../../../../arm-atollic-eabi/lib/armv6-m\libc_nano.a(lib_a-findfp.o)
 .ARM.attributes