RF24.c:19:6:RF24_csn	8	static
RF24.c:27:6:RF24_ce	8	static
RF24.c:35:6:RF24_beginTransaction	8	static
RF24.c:43:6:RF24_endTransaction	8	static
RF24.c:51:6:RF24_read_registers	48	static
RF24.c:66:9:RF24_read_register	40	static
RF24.c:84:6:RF24_write_registers	48	static
RF24.c:99:6:RF24_write_register	48	static
RF24.c:121:6:RF24_write_payload	80	static
RF24.c:152:6:RF24_read_payload	80	static
RF24.c:184:9:RF24_flush_rx	8	static
RF24.c:192:9:RF24_flush_tx	8	static
RF24.c:200:9:RF24_get_status	8	static
RF24.c:208:6:RF24_init	8	static
RF24.c:224:6:RF24_setChannel	8	static
RF24.c:230:9:RF24_getChannel	8	static
RF24.c:238:6:RF24_setPayloadSize	16	static
RF24.c:250:9:RF24_getPayloadSize	0	static
RF24.c:332:9:RF24_isChipConnected	8	static
RF24.c:363:6:RF24_stopListening	8	static
RF24.c:382:6:RF24_powerDown	8	static
RF24.c:392:6:RF24_powerUp	8	static
RF24.c:408:6:RF24_errNotify	0	static
RF24.c:494:6:RF24_reUseTX	8	static
RF24.c:547:6:RF24_startFastWrite	8	static
RF24.c:415:9:RF24_write	16	static
RF24.c:458:9:RF24_writeBlocking	32	static
RF24.c:504:9:RF24_writeFast	32	static
RF24.c:560:9:RF24_startWrite	8	static
RF24.c:574:9:RF24_rxFifoFull	8	static
RF24.c:581:9:RF24_txStandBy	24	static
RF24.c:610:9:RF24_txStandByT	24	static
RF24.c:647:6:RF24_maskIRQ	16	static
RF24.c:658:9:RF24_getDynamicPayloadSize	8	static
RF24.c:679:9:RF24_available	8	static
RF24.c:695:6:RF24_read	8	static
RF24.c:708:6:RF24_whatHappened	16	static
RF24.c:722:6:RF24_openWritingPipe	16	static
RF24.c:744:6:RF24_openReadingPipe	16	static
RF24.c:769:6:RF24_setAddressWidth	16	static
RF24.c:784:6:RF24openReadingPipe	16	static
RF24.c:810:6:RF24_closeReadingPipe	8	static
RF24.c:344:6:RF24_startListening	8	static
RF24.c:817:6:RF24_toggle_features	32	static
RF24.c:831:6:RF24_enableDynamicPayloads	8	static
RF24.c:848:6:RF24_disableDynamicPayloads	8	static
RF24.c:867:6:RF24_enableAckPayload	16	static
RF24.c:883:6:RF24_disableAckPayload	8	static
RF24.c:895:6:RF24_enableDynamicAck	8	static
RF24.c:906:9:RF24_writeAckPayload	8	static
RF24.c:919:9:RF24_isAckPayloadAvailable	8	static
RF24.c:926:9:RF24_isPVariant	0	static
RF24.c:933:6:RF24_setAutoAck	8	static
RF24.c:973:9:RF24_testRPD	8	static
RF24.c:966:9:RF24_testCarrier	8	static
RF24.c:980:6:RF24_setPALevel	16	static
RF24.c:996:9:RF24_getPALevel	8	static
RF24.c:1004:9:RF24_getARC	8	static
RF24.c:1012:9:RF24_setDataRate	16	static
RF24.c:1044:17:RF24_getDataRate	8	static
RF24.c:1066:6:RF24_setCRCLength	8	static
RF24.c:1084:18:RF24_getCRCLength	8	static
RF24.c:1103:6:RF24_disableCRC	8	static
RF24.c:1110:6:RF24_setRetries	8	static
RF24.c:257:9:RF24_begin	8	static
RF24.c:1116:6:RF24_startConstCarrier	56	static
RF24.c:1149:6:RF24_stopConstCarrier	8	static
